Archive member included to satisfy reference by file (symbol)

/home/noah-pena/Projects/BLE-Music-Bike/build/cxx/libcxx.a(cxx_guards.o)
                              (__cxa_guard_dummy)
/home/noah-pena/Projects/BLE-Music-Bike/build/esp32/libesp32.a(panic.o)
                              /home/noah-pena/Projects/BLE-Music-Bike/build/cxx/libcxx.a(cxx_guards.o) (abort)
/home/noah-pena/Projects/BLE-Music-Bike/build/esp32/libesp32.a(system_api.o)
                              /home/noah-pena/Projects/BLE-Music-Bike/build/esp32/libesp32.a(panic.o) (esp_restart_noos)
/home/noah-pena/Projects/BLE-Music-Bike/build/esp32/libesp32.a(cpu_util.o)
                              /home/noah-pena/Projects/BLE-Music-Bike/build/esp32/libesp32.a(panic.o) (esp_cpu_stall)
/home/noah-pena/Projects/BLE-Music-Bike/build/esp32/libesp32.a(heap_alloc_caps.o)
                              /home/noah-pena/Projects/BLE-Music-Bike/build/esp32/libesp32.a(system_api.o) (xPortGetFreeHeapSize)
/home/noah-pena/Projects/BLE-Music-Bike/build/esp32/libesp32.a(cpu_start.o)
                              (call_start_cpu0)
/home/noah-pena/Projects/BLE-Music-Bike/build/esp32/libesp32.a(ipc.o)
                              /home/noah-pena/Projects/BLE-Music-Bike/build/esp32/libesp32.a(cpu_start.o) (esp_ipc_init)
/home/noah-pena/Projects/BLE-Music-Bike/build/esp32/libesp32.a(cpu_freq.o)
                              /home/noah-pena/Projects/BLE-Music-Bike/build/esp32/libesp32.a(cpu_start.o) (esp_set_cpu_freq)
/home/noah-pena/Projects/BLE-Music-Bike/build/esp32/libesp32.a(int_wdt.o)
                              /home/noah-pena/Projects/BLE-Music-Bike/build/esp32/libesp32.a(cpu_start.o) (esp_int_wdt_init)
/home/noah-pena/Projects/BLE-Music-Bike/build/esp32/libesp32.a(task_wdt.o)
                              /home/noah-pena/Projects/BLE-Music-Bike/build/esp32/libesp32.a(cpu_start.o) (esp_task_wdt_init)
/home/noah-pena/Projects/BLE-Music-Bike/build/esp32/libesp32.a(freertos_hooks.o)
                              /home/noah-pena/Projects/BLE-Music-Bike/build/esp32/libesp32.a(task_wdt.o) (esp_register_freertos_idle_hook)
/home/noah-pena/Projects/BLE-Music-Bike/build/esp32/libesp32.a(crosscore_int.o)
                              /home/noah-pena/Projects/BLE-Music-Bike/build/esp32/libesp32.a(cpu_start.o) (esp_crosscore_int_init)
/home/noah-pena/Projects/BLE-Music-Bike/build/esp32/libesp32.a(intr_alloc.o)
                              /home/noah-pena/Projects/BLE-Music-Bike/build/esp32/libesp32.a(task_wdt.o) (esp_intr_alloc)
/home/noah-pena/Libraries/esp/esp-idf/components/esp32/libhal.a(int_asm--set_intclear.o)
                              /home/noah-pena/Projects/BLE-Music-Bike/build/esp32/libesp32.a(intr_alloc.o) (xthal_set_intclear)
/home/noah-pena/Libraries/esp/esp-idf/components/esp32/lib/librtc.a(rtc.o)
                              /home/noah-pena/Projects/BLE-Music-Bike/build/esp32/libesp32.a(cpu_freq.o) (rtc_init_lite)
/home/noah-pena/Libraries/esp/esp-idf/components/esp32/lib/librtc.a(rtc_cntl.o)
                              /home/noah-pena/Libraries/esp/esp-idf/components/esp32/lib/librtc.a(rtc.o) (rtc_dbias_cfg)
/home/noah-pena/Libraries/esp/esp-idf/components/esp32/lib/librtc.a(rtc_command.o)
                              /home/noah-pena/Libraries/esp/esp-idf/components/esp32/lib/librtc.a(rtc_cntl.o) (rtc_cmd_wr_reg)
/home/noah-pena/Libraries/esp/esp-idf/components/esp32/lib/librtc_clk.a(rtc_clk.o)
                              /home/noah-pena/Libraries/esp/esp-idf/components/esp32/lib/librtc.a(rtc.o) (rtc_get_xtal)
/home/noah-pena/Projects/BLE-Music-Bike/build/freertos/libfreertos.a(xtensa_intr.o)
                              /home/noah-pena/Projects/BLE-Music-Bike/build/esp32/libesp32.a(intr_alloc.o) (xt_unhandled_interrupt)
/home/noah-pena/Projects/BLE-Music-Bike/build/freertos/libfreertos.a(queue.o)
                              /home/noah-pena/Projects/BLE-Music-Bike/build/esp32/libesp32.a(ipc.o) (xQueueGenericCreate)
/home/noah-pena/Projects/BLE-Music-Bike/build/freertos/libfreertos.a(list.o)
                              /home/noah-pena/Projects/BLE-Music-Bike/build/freertos/libfreertos.a(queue.o) (vListInitialise)
/home/noah-pena/Projects/BLE-Music-Bike/build/freertos/libfreertos.a(port.o)
                              /home/noah-pena/Projects/BLE-Music-Bike/build/esp32/libesp32.a(cpu_start.o) (port_xSchedulerRunning)
/home/noah-pena/Projects/BLE-Music-Bike/build/freertos/libfreertos.a(heap_regions.o)
                              /home/noah-pena/Projects/BLE-Music-Bike/build/esp32/libesp32.a(heap_alloc_caps.o) (pvPortMallocTagged)
/home/noah-pena/Projects/BLE-Music-Bike/build/freertos/libfreertos.a(tasks.o)
                              /home/noah-pena/Projects/BLE-Music-Bike/build/esp32/libesp32.a(system_api.o) (vTaskSuspendAll)
/home/noah-pena/Projects/BLE-Music-Bike/build/freertos/libfreertos.a(timers.o)
[...]
Memory Configuration

Name             Origin             Length             Attributes
iram0_0_seg      0x0000000040080000 0x0000000000020000 xr
iram0_2_seg      0x00000000400d0018 0x0000000000330000 xr
dram0_0_seg      0x000000003ffc0000 0x0000000000040000 rw
drom0_0_seg      0x000000003f400010 0x0000000000800000 r
rtc_iram_seg     0x00000000400c0000 0x0000000000002000 xrw
rtc_slow_seg     0x0000000050000000 0x0000000000001000 rw
*default*        0x0000000000000000 0xffffffffffffffff

Linker script and memory map

START GROUP
LOAD /home/noah-pena/Projects/BLE-Music-Bike/build/app_update/libapp_update.a
LOAD /home/noah-pena/Projects/BLE-Music-Bike/build/bootloader_support/libbootloader_support.a
LOAD /home/noah-pena/Projects/BLE-Music-Bike/build/bt/libbt.a
LOAD /home/noah-pena/Libraries/esp/esp-idf/components/bt/lib/libbtdm_app.a
LOAD /home/noah-pena/Projects/BLE-Music-Bike/build/coap/libcoap.a
LOAD /home/noah-pena/Projects/BLE-Music-Bike/build/cxx/libcxx.a
LOAD /home/noah-pena/Projects/BLE-Music-Bike/build/driver/libdriver.a
LOAD /home/noah-pena/Projects/BLE-Music-Bike/build/esp32/libesp32.a
LOAD /home/noah-pena/Libraries/esp/esp-idf/components/esp32/libhal.a
LOAD /home/noah-pena/Libraries/esp/esp-idf/components/esp32/lib/libcore.a
LOAD /home/noah-pena/Libraries/esp/esp-idf/components/esp32/lib/librtc.a
LOAD /home/noah-pena/Libraries/esp/esp-idf/components/esp32/lib/librtc_clk.a
LOAD /home/noah-pena/Libraries/esp/esp-idf/components/esp32/lib/libphy.a
LOAD /home/noah-pena/Libraries/esp/esp-idf/components/esp32/lib/libcoexist.a
LOAD /home/noah-pena/Projects/BLE-Music-Bike/build/ethernet/libethernet.a
LOAD /home/noah-pena/Projects/BLE-Music-Bike/build/expat/libexpat.a
LOAD /home/noah-pena/Projects/BLE-Music-Bike/build/fatfs/libfatfs.a
LOAD /home/noah-pena/Projects/BLE-Music-Bike/build/freertos/libfreertos.a
LOAD /home/noah-pena/Projects/BLE-Music-Bike/build/jsmn/libjsmn.a
LOAD /home/noah-pena/Projects/BLE-Music-Bike/build/json/libjson.a
LOAD /home/noah-pena/Projects/BLE-Music-Bike/build/log/liblog.a
LOAD /home/noah-pena/Projects/BLE-Music-Bike/build/lwip/liblwip.a
LOAD /home/noah-pena/Projects/BLE-Music-Bike/build/mbedtls/libmbedtls.a
LOAD /home/noah-pena/Projects/BLE-Music-Bike/build/mdns/libmdns.a
LOAD /home/noah-pena/Projects/BLE-Music-Bike/build/micro-ecc/libmicro-ecc.a
LOAD /home/noah-pena/Libraries/esp/esp-idf/components/newlib/lib/libc.a
LOAD /home/noah-pena/Libraries/esp/esp-idf/components/newlib/lib/libm.a
LOAD /home/noah-pena/Projects/BLE-Music-Bike/build/newlib/libnewlib.a
LOAD /home/noah-pena/Projects/BLE-Music-Bike/build/nghttp/libnghttp.a
LOAD /home/noah-pena/Projects/BLE-Music-Bike/build/nvs_flash/libnvs_flash.a
LOAD /home/noah-pena/Projects/BLE-Music-Bike/build/openssl/libopenssl.a
LOAD /home/noah-pena/Projects/BLE-Music-Bike/build/sdmmc/libsdmmc.a
LOAD /home/noah-pena/Projects/BLE-Music-Bike/build/spi_flash/libspi_flash.a
LOAD /home/noah-pena/Projects/BLE-Music-Bike/build/tcpip_adapter/libtcpip_adapter.a
LOAD /home/noah-pena/Projects/BLE-Music-Bike/build/ulp/libulp.a
LOAD /home/noah-pena/Projects/BLE-Music-Bike/build/vfs/libvfs.a
LOAD /home/noah-pena/Projects/BLE-Music-Bike/build/wpa_supplicant/libwpa_supplicant.a
LOAD /home/noah-pena/Projects/BLE-Music-Bike/build/xtensa-debug-module/libxtensa-debug-module.a
LOAD /home/noah-pena/Libraries/esp/xtensa-esp32-elf/bin/../lib/gcc/xtensa-esp32-elf/5.2.0/libgcc.a
LOAD /home/noah-pena/Libraries/esp/xtensa-esp32-elf/bin/../lib/gcc/xtensa-esp32-elf/5.2.0/../../../../xtensa-esp32-elf/lib/libstdc++.a
END GROUP
                0x0000000040000000                _heap_end = 0x40000000

.rtc.text       0x00000000400c0000        0x0
                0x00000000400c0000                . = ALIGN (0x4)
 *(.rtc.literal .rtc.text)
 *rtc_wake_stub*.o(.literal .text .literal.* .text.*)

.rtc.data       0x0000000050000000        0x0
                0x0000000050000000                _rtc_data_start = ABSOLUTE (.)
 *(.rtc.data)
 *(.rtc.rodata)
 *rtc_wake_stub*.o(.data .rodata .data.* .rodata.* .bss .bss.*)
                0x0000000050000000                _rtc_data_end = ABSOLUTE (.)

.rtc.bss        0x0000000050000000        0x0
                0x0000000050000000                _rtc_bss_start = ABSOLUTE (.)
 *rtc_wake_stub*.o(.bss .bss.*)
 *rtc_wake_stub*.o(COMMON)
                0x0000000050000000                _rtc_bss_end = ABSOLUTE (.)

.iram0.vectors  0x0000000040080000      0x400
                0x0000000040080000                _init_start = ABSOLUTE (.)
                0x0000000000000000                . = 0x0
 *(.WindowVectors.text)
 .WindowVectors.text
                0x0000000040080000      0x16a /home/noah-pena/Projects/BLE-Music-Bike/build/freertos/libfreertos.a(xtensa_vectors.o)
                0x0000000040080000                _WindowOverflow4
                0x0000000040080040                _WindowUnderflow4
                0x0000000040080050                _xt_alloca_exc
                0x0000000040080080                _WindowOverflow8
                0x00000000400800c0                _WindowUnderflow8
                0x0000000040080100                _WindowOverflow12
                0x0000000040080140                _WindowUnderflow12
                0x0000000000000180                . = 0x180
 *fill*         0x000000004008016a       0x16 
 *(.Level2InterruptVector.text)
 .Level2InterruptVector.text
                0x0000000040080180        0x6 /home/noah-pena/Projects/BLE-Music-Bike/build/freertos/libfreertos.a(xtensa_vectors.o)
                0x0000000040080180                _Level2Vector
                0x00000000000001c0                . = 0x1c0
 *fill*         0x0000000040080186       0x3a 
 *(.Level3InterruptVector.text)
 .Level3InterruptVector.text
                0x00000000400801c0        0x6 /home/noah-pena/Projects/BLE-Music-Bike/build/freertos/libfreertos.a(xtensa_vectors.o)
                0x00000000400801c0                _Level3Vector
                0x0000000000000200                . = 0x200
 *fill*         0x00000000400801c6       0x3a 
 *(.Level4InterruptVector.text)
 .Level4InterruptVector.text
                0x0000000040080200        0x6 /home/noah-pena/Projects/BLE-Music-Bike/build/freertos/libfreertos.a(xtensa_vectors.o)
                0x0000000040080200                _Level4Vector
                0x0000000000000240                . = 0x240
 *fill*         0x0000000040080206       0x3a 
 *(.Level5InterruptVector.text)
 .Level5InterruptVector.text
                0x0000000040080240        0x6 /home/noah-pena/Projects/BLE-Music-Bike/build/freertos/libfreertos.a(xtensa_vectors.o)
                0x0000000040080240                _Level5Vector
                0x0000000000000280                . = 0x280
 *fill*         0x0000000040080246       0x3a 
 *(.DebugExceptionVector.text)
 .DebugExceptionVector.text
                0x0000000040080280        0xf /home/noah-pena/Projects/BLE-Music-Bike/build/freertos/libfreertos.a(xtensa_vectors.o)
                0x0000000040080280                _DebugExceptionVector
                0x00000000000002c0                . = 0x2c0
 *fill*         0x000000004008028f       0x31 
 *(.NMIExceptionVector.text)
 .NMIExceptionVector.text
                0x00000000400802c0        0x6 /home/noah-pena/Projects/BLE-Music-Bike/build/freertos/libfreertos.a(xtensa_vectors.o)
                0x00000000400802c0                _NMIExceptionVector
                0x0000000000000300                . = 0x300
 *fill*         0x00000000400802c6       0x3a 
 *(.KernelExceptionVector.text)
 .KernelExceptionVector.text
                0x0000000040080300        0x6 /home/noah-pena/Projects/BLE-Music-Bike/build/freertos/libfreertos.a(xtensa_vectors.o)
                0x0000000040080300                _KernelExceptionVector
                0x0000000000000340                . = 0x340
 *fill*         0x0000000040080306       0x3a 
 *(.UserExceptionVector.text)
 .UserExceptionVector.text
                0x0000000040080340        0x6 /home/noah-pena/Projects/BLE-Music-Bike/build/freertos/libfreertos.a(xtensa_vectors.o)
                0x0000000040080340                _UserExceptionVector
                0x00000000000003c0                . = 0x3c0
 *fill*         0x0000000040080346       0x7a 
 *(.DoubleExceptionVector.text)
 .DoubleExceptionVector.text
                0x00000000400803c0        0xf /home/noah-pena/Projects/BLE-Music-Bike/build/freertos/libfreertos.a(xtensa_vectors.o)
                0x00000000400803c0                _DoubleExceptionVector
                0x0000000000000400                . = 0x400
 *fill*         0x00000000400803cf       0x31 
 *(.*Vector.literal)
 *(.UserEnter.literal)
 *(.UserEnter.text)
                0x0000000040080400                . = ALIGN (0x10)
 *(.entry.text)
 *(.init.literal)
 *(.init)
                0x0000000040080400                _init_end = ABSOLUTE (.)
                0x0000000000000000                _iram_start = 0x0

.iram0.text     0x0000000040080400     0x8c06
                0x0000000040080400                _iram_text_start = ABSOLUTE (.)
 *(.iram1 .iram1.*)
 .iram1.literal
                0x0000000040080400       0x40 /home/noah-pena/Projects/BLE-Music-Bike/build/esp32/libesp32.a(system_api.o)
                                         0x5c (size before relaxing)
 .iram1.literal
                0x0000000040080440       0x18 /home/noah-pena/Projects/BLE-Music-Bike/build/esp32/libesp32.a(cpu_util.o)
                                         0x2c (size before relaxing)
 .iram1.literal
                0x0000000040080458       0xa4 /home/noah-pena/Projects/BLE-Music-Bike/build/esp32/libesp32.a(cpu_start.o)
                                        0x154 (size before relaxing)
 .iram1.literal
                0x00000000400804fc       0x20 /home/noah-pena/Projects/BLE-Music-Bike/build/esp32/libesp32.a(ipc.o)
                                         0x34 (size before relaxing)
 .iram1.literal
                0x000000004008051c        0x8 /home/noah-pena/Projects/BLE-Music-Bike/build/esp32/libesp32.a(cpu_freq.o)
 .iram1.literal
                0x0000000040080524        0x4 /home/noah-pena/Projects/BLE-Music-Bike/build/esp32/libesp32.a(int_wdt.o)
                                          0xc (size before relaxing)
 .iram1.literal
                0x0000000040080528        0x4 /home/noah-pena/Projects/BLE-Music-Bike/build/esp32/libesp32.a(freertos_hooks.o)
 .iram1.literal
                0x000000004008052c       0x1c /home/noah-pena/Projects/BLE-Music-Bike/build/esp32/libesp32.a(crosscore_int.o)
                                         0x40 (size before relaxing)
 .iram1.literal
                0x0000000040080548       0x14 /home/noah-pena/Projects/BLE-Music-Bike/build/esp32/libesp32.a(intr_alloc.o)
                                         0x5c (size before relaxing)
 .iram1.literal
                0x000000004008055c       0x48 /home/noah-pena/Projects/BLE-Music-Bike/build/freertos/libfreertos.a(xtensa_vectors.o)
                                         0x60 (size before relaxing)
 .iram1.literal
                0x00000000400805a4       0x28 /home/noah-pena/Projects/BLE-Music-Bike/build/log/liblog.a(log.o)
                                         0x48 (size before relaxing)
 .iram1.literal
                0x00000000400805cc       0x1c /home/noah-pena/Projects/BLE-Music-Bike/build/newlib/libnewlib.a(time.o)
                                         0x34 (size before relaxing)
 .iram1.literal
                0x00000000400805e8        0x8 /home/noah-pena/Projects/BLE-Music-Bike/build/newlib/libnewlib.a(reent_init.o)
                                         0x10 (size before relaxing)
 .iram1.literal
                0x00000000400805f0        0x0 /home/noah-pena/Projects/BLE-Music-Bike/build/newlib/libnewlib.a(syscalls.o)
                                         0x20 (size before relaxing)
 .iram1.literal
                0x00000000400805f0       0x14 /home/noah-pena/Projects/BLE-Music-Bike/build/newlib/libnewlib.a(locks.o)
                                         0x90 (size before relaxing)
 .iram1.literal
                0x0000000040080604       0x4c /home/noah-pena/Projects/BLE-Music-Bike/build/spi_flash/libspi_flash.a(cache_utils.o)
                                         0xe4 (size before relaxing)
 .iram1.literal
                0x0000000040080650       0x38 /home/noah-pena/Projects/BLE-Music-Bike/build/spi_flash/libspi_flash.a(flash_ops.o)
                                         0xbc (size before relaxing)
 .iram1.literal
                0x0000000040080688       0x48 /home/noah-pena/Projects/BLE-Music-Bike/build/spi_flash/libspi_flash.a(flash_mmap.o)
                                         0xb4 (size before relaxing)
 .iram1.literal
                0x00000000400806d0       0x24 /home/noah-pena/Projects/BLE-Music-Bike/build/spi_flash/libspi_flash.a(spi_flash_rom_patch.o)
 .iram1.literal
                0x00000000400806f4       0x34 /home/noah-pena/Projects/BLE-Music-Bike/build/vfs/libvfs.a(vfs_uart.o)
                                         0x88 (size before relaxing)
 .literal.xt_unhandled_interrupt
                0x0000000040080728        0x4 /home/noah-pena/Projects/BLE-Music-Bike/build/freertos/libfreertos.a(xtensa_intr.o)
                                          0x8 (size before relaxing)
 .literal.xt_set_interrupt_handler
                0x000000004008072c        0x8 /home/noah-pena/Projects/BLE-Music-Bike/build/freertos/libfreertos.a(xtensa_intr.o)
                                          0xc (size before relaxing)
 .literal.prvCopyDataToQueue
                0x0000000040080734        0x0 /home/noah-pena/Projects/BLE-Music-Bike/build/freertos/libfreertos.a(queue.o)
                                          0xc (size before relaxing)
 .literal.prvNotifyQueueSetContainer
                0x0000000040080734       0x14 /home/noah-pena/Projects/BLE-Music-Bike/build/freertos/libfreertos.a(queue.o)
                                         0x2c (size before relaxing)
 .literal.prvCopyDataFromQueue
                0x0000000040080748        0x0 /home/noah-pena/Projects/BLE-Music-Bike/build/freertos/libfreertos.a(queue.o)
                                          0x4 (size before relaxing)
 .literal.prvIsQueueFull
                0x0000000040080748        0x0 /home/noah-pena/Projects/BLE-Music-Bike/build/freertos/libfreertos.a(queue.o)
                                          0x8 (size before relaxing)
 .literal.xQueueGenericReset
                0x0000000040080748        0x4 /home/noah-pena/Projects/BLE-Music-Bike/build/freertos/libfreertos.a(queue.o)
                                         0x38 (size before relaxing)
 .literal.prvInitialiseNewQueue
                0x000000004008074c        0x0 /home/noah-pena/Projects/BLE-Music-Bike/build/freertos/libfreertos.a(queue.o)
                                          0x4 (size before relaxing)
 .literal.xQueueGenericCreate
                0x000000004008074c        0x4 /home/noah-pena/Projects/BLE-Music-Bike/build/freertos/libfreertos.a(queue.o)
                                         0x1c (size before relaxing)
 .literal.xQueueGetMutexHolder
                0x0000000040080750        0x0 /home/noah-pena/Projects/BLE-Music-Bike/build/freertos/libfreertos.a(queue.o)
                                          0x8 (size before relaxing)
 .literal.xQueueGenericSend
                0x0000000040080750        0x4 /home/noah-pena/Projects/BLE-Music-Bike/build/freertos/libfreertos.a(queue.o)
                                         0x94 (size before relaxing)
 .literal.prvInitialiseMutex
                0x0000000040080754        0x0 /home/noah-pena/Projects/BLE-Music-Bike/build/freertos/libfreertos.a(queue.o)
                                          0x8 (size before relaxing)
 .literal.xQueueCreateMutex
                0x0000000040080754        0x0 /home/noah-pena/Projects/BLE-Music-Bike/build/freertos/libfreertos.a(queue.o)
                                          0x8 (size before relaxing)
 .literal.xQueueGiveMutexRecursive
                0x0000000040080754        0x4 /home/noah-pena/Projects/BLE-Music-Bike/build/freertos/libfreertos.a(queue.o)
                                         0x1c (size before relaxing)
 .literal.xQueueGenericSendFromISR
                0x0000000040080758        0x8 /home/noah-pena/Projects/BLE-Music-Bike/build/freertos/libfreertos.a(queue.o)
                                         0x3c (size before relaxing)
 .literal.xQueueGiveFromISR
                0x0000000040080760        0x4 /home/noah-pena/Projects/BLE-Music-Bike/build/freertos/libfreertos.a(queue.o)
                                         0x30 (size before relaxing)
 .literal.xQueueGenericReceive
                0x0000000040080764        0x4 /home/noah-pena/Projects/BLE-Music-Bike/build/freertos/libfreertos.a(queue.o)
                                         0x88 (size before relaxing)
 .literal.xQueueTakeMutexRecursive
                0x0000000040080768        0x4 /home/noah-pena/Projects/BLE-Music-Bike/build/freertos/libfreertos.a(queue.o)
                                         0x1c (size before relaxing)
 .literal.xQueueReceiveFromISR
                0x000000004008076c        0x4 /home/noah-pena/Projects/BLE-Music-Bike/build/freertos/libfreertos.a(queue.o)
                                         0x30 (size before relaxing)
 .literal.vQueueDelete
                0x0000000040080770        0x4 /home/noah-pena/Projects/BLE-Music-Bike/build/freertos/libfreertos.a(queue.o)
                                         0x18 (size before relaxing)
 .literal.vQueueWaitForMessageRestricted
                0x0000000040080774        0x0 /home/noah-pena/Projects/BLE-Music-Bike/build/freertos/libfreertos.a(queue.o)
                                          0xc (size before relaxing)
 .literal.pxPortInitialiseStack
                0x0000000040080774        0x4 /home/noah-pena/Projects/BLE-Music-Bike/build/freertos/libfreertos.a(port.o)
                                          0x8 (size before relaxing)
 .literal.xPortStartScheduler
                0x0000000040080778        0x0 /home/noah-pena/Projects/BLE-Music-Bike/build/freertos/libfreertos.a(port.o)
                                         0x14 (size before relaxing)
 .literal.xPortSysTickHandler
                0x0000000040080778        0x0 /home/noah-pena/Projects/BLE-Music-Bike/build/freertos/libfreertos.a(port.o)
                                          0x8 (size before relaxing)
 .literal.vPortYieldOtherCore
                0x0000000040080778        0x0 /home/noah-pena/Projects/BLE-Music-Bike/build/freertos/libfreertos.a(port.o)
                                          0x4 (size before relaxing)
 .literal.xPortInIsrContext
                0x0000000040080778        0x4 /home/noah-pena/Projects/BLE-Music-Bike/build/freertos/libfreertos.a(port.o)
                                          0x8 (size before relaxing)
 .literal.vPortCPUInitializeMutex
                0x000000004008077c        0x4 /home/noah-pena/Projects/BLE-Music-Bike/build/freertos/libfreertos.a(port.o)
 .literal.vPortCPUAcquireMutex
                0x0000000040080780        0x8 /home/noah-pena/Projects/BLE-Music-Bike/build/freertos/libfreertos.a(port.o)
                                         0x10 (size before relaxing)
 .literal.vPortCPUReleaseMutex
                0x0000000040080788        0x0 /home/noah-pena/Projects/BLE-Music-Bike/build/freertos/libfreertos.a(port.o)
                                         0x10 (size before relaxing)
 .literal.vPortFirstTaskHook
                0x0000000040080788        0x0 /home/noah-pena/Projects/BLE-Music-Bike/build/freertos/libfreertos.a(port.o)
                                          0x4 (size before relaxing)
 .literal.prvInsertBlockIntoFreeList
                0x0000000040080788       0x14 /home/noah-pena/Projects/BLE-Music-Bike/build/freertos/libfreertos.a(heap_regions.o)
 .literal.pvPortMallocTagged
                0x000000004008079c       0x20 /home/noah-pena/Projects/BLE-Music-Bike/build/freertos/libfreertos.a(heap_regions.o)
                                         0x44 (size before relaxing)
 .literal.vPortFreeTagged
                0x00000000400807bc        0x4 /home/noah-pena/Projects/BLE-Music-Bike/build/freertos/libfreertos.a(heap_regions.o)
                                         0x38 (size before relaxing)
 .literal.vPortDefineHeapRegionsTagged
                0x00000000400807c0        0x4 /home/noah-pena/Projects/BLE-Music-Bike/build/freertos/libfreertos.a(heap_regions.o)
                                         0x64 (size before relaxing)
 .literal.prvResetNextTaskUnblockTime
                0x00000000400807c4        0x8 /home/noah-pena/Projects/BLE-Music-Bike/build/freertos/libfreertos.a(tasks.o)
 .literal.prvInitialiseNewTask
                0x00000000400807cc        0x0 /home/noah-pena/Projects/BLE-Music-Bike/build/freertos/libfreertos.a(tasks.o)
                                         0x18 (size before relaxing)
 .literal.prvInitialiseTaskLists
                0x00000000400807cc       0x1c /home/noah-pena/Projects/BLE-Music-Bike/build/freertos/libfreertos.a(tasks.o)
                                         0x38 (size before relaxing)
 .literal.prvAddCurrentTaskToDelayedList
                0x00000000400807e8        0x4 /home/noah-pena/Projects/BLE-Music-Bike/build/freertos/libfreertos.a(tasks.o)
                                         0x1c (size before relaxing)
 .literal.prvDeleteTCB
                0x00000000400807ec       0x10 /home/noah-pena/Projects/BLE-Music-Bike/build/freertos/libfreertos.a(tasks.o)
                                         0x28 (size before relaxing)
 .literal.taskYIELD_OTHER_CORE
                0x00000000400807fc        0x0 /home/noah-pena/Projects/BLE-Music-Bike/build/freertos/libfreertos.a(tasks.o)
                                         0x10 (size before relaxing)
 .literal.vTaskSuspendAll
                0x00000000400807fc        0x4 /home/noah-pena/Projects/BLE-Music-Bike/build/freertos/libfreertos.a(tasks.o)
                                          0x8 (size before relaxing)
 .literal.vTaskSwitchContext
                0x0000000040080800       0x14 /home/noah-pena/Projects/BLE-Music-Bike/build/freertos/libfreertos.a(tasks.o)
                                         0x38 (size before relaxing)
 .literal.xTaskRemoveFromEventList
                0x0000000040080814        0x8 /home/noah-pena/Projects/BLE-Music-Bike/build/freertos/libfreertos.a(tasks.o)
                                         0x58 (size before relaxing)
 .literal.vTaskSetTimeOutState
                0x000000004008081c        0xc /home/noah-pena/Projects/BLE-Music-Bike/build/freertos/libfreertos.a(tasks.o)
                                         0x20 (size before relaxing)
 .literal.xTaskGetCurrentTaskHandle
                0x0000000040080828        0x0 /home/noah-pena/Projects/BLE-Music-Bike/build/freertos/libfreertos.a(tasks.o)
                                          0x8 (size before relaxing)
 .literal.__getreent
                0x0000000040080828        0x0 /home/noah-pena/Projects/BLE-Music-Bike/build/freertos/libfreertos.a(tasks.o)
                                          0x8 (size before relaxing)
 .literal.pcTaskGetTaskName
                0x0000000040080828        0x8 /home/noah-pena/Projects/BLE-Music-Bike/build/freertos/libfreertos.a(tasks.o)
                                         0x1c (size before relaxing)
 .literal.xTaskGetAffinity
                0x0000000040080830        0x0 /home/noah-pena/Projects/BLE-Music-Bike/build/freertos/libfreertos.a(tasks.o)
                                          0x4 (size before relaxing)
 .literal.xTaskGetCurrentTaskHandleForCPU
                0x0000000040080830        0x0 /home/noah-pena/Projects/BLE-Music-Bike/build/freertos/libfreertos.a(tasks.o)
                                          0x4 (size before relaxing)
 .literal.xTaskGetSchedulerState
                0x0000000040080830        0x4 /home/noah-pena/Projects/BLE-Music-Bike/build/freertos/libfreertos.a(tasks.o)
                                          0xc (size before relaxing)
 .literal.vTaskEnterCritical
                0x0000000040080834        0x0 /home/noah-pena/Projects/BLE-Music-Bike/build/freertos/libfreertos.a(tasks.o)
                                          0xc (size before relaxing)
 .literal.vTaskExitCritical
                0x0000000040080834        0x0 /home/noah-pena/Projects/BLE-Music-Bike/build/freertos/libfreertos.a(tasks.o)
                                         0x10 (size before relaxing)
 .literal.prvAddNewTaskToReadyList
                0x0000000040080834        0x8 /home/noah-pena/Projects/BLE-Music-Bike/build/freertos/libfreertos.a(tasks.o)
                                         0x4c (size before relaxing)
 .literal.xTaskCreatePinnedToCore
                0x000000004008083c        0x0 /home/noah-pena/Projects/BLE-Music-Bike/build/freertos/libfreertos.a(tasks.o)
                                         0x14 (size before relaxing)
 .literal.vTaskStartScheduler
                0x000000004008083c       0x10 /home/noah-pena/Projects/BLE-Music-Bike/build/freertos/libfreertos.a(tasks.o)
                                         0x34 (size before relaxing)
 .literal.vTaskDelete
                0x000000004008084c        0x8 /home/noah-pena/Projects/BLE-Music-Bike/build/freertos/libfreertos.a(tasks.o)
                                         0x58 (size before relaxing)
 .literal.prvCheckTasksWaitingTermination
                0x0000000040080854        0x0 /home/noah-pena/Projects/BLE-Music-Bike/build/freertos/libfreertos.a(tasks.o)
                                         0x20 (size before relaxing)
 .literal.prvIdleTask
                0x0000000040080854        0x0 /home/noah-pena/Projects/BLE-Music-Bike/build/freertos/libfreertos.a(tasks.o)
                                          0x8 (size before relaxing)
 .literal.xTaskGetTickCount
                0x0000000040080854        0x4 /home/noah-pena/Projects/BLE-Music-Bike/build/freertos/libfreertos.a(tasks.o)
                                         0x10 (size before relaxing)
 .literal.xTaskIncrementTick
                0x0000000040080858        0xc /home/noah-pena/Projects/BLE-Music-Bike/build/freertos/libfreertos.a(tasks.o)
                                         0x78 (size before relaxing)
 .literal.xTaskResumeAll
                0x0000000040080864        0x8 /home/noah-pena/Projects/BLE-Music-Bike/build/freertos/libfreertos.a(tasks.o)
                                         0x64 (size before relaxing)
 .literal.vTaskPlaceOnEventList
                0x000000004008086c        0x8 /home/noah-pena/Projects/BLE-Music-Bike/build/freertos/libfreertos.a(tasks.o)
                                         0x40 (size before relaxing)
 .literal.vTaskPlaceOnEventListRestricted
                0x0000000040080874        0x8 /home/noah-pena/Projects/BLE-Music-Bike/build/freertos/libfreertos.a(tasks.o)
                                         0x38 (size before relaxing)
 .literal.xTaskCheckForTimeOut
                0x000000004008087c        0xc /home/noah-pena/Projects/BLE-Music-Bike/build/freertos/libfreertos.a(tasks.o)
                                         0x3c (size before relaxing)
 .literal.vTaskPriorityInherit
                0x0000000040080888        0x0 /home/noah-pena/Projects/BLE-Music-Bike/build/freertos/libfreertos.a(tasks.o)
                                         0x2c (size before relaxing)
 .literal.xTaskPriorityDisinherit
                0x0000000040080888        0x8 /home/noah-pena/Projects/BLE-Music-Bike/build/freertos/libfreertos.a(tasks.o)
                                         0x40 (size before relaxing)
 .literal.pvTaskIncrementMutexHeldCount
                0x0000000040080890        0x0 /home/noah-pena/Projects/BLE-Music-Bike/build/freertos/libfreertos.a(tasks.o)
                                         0x10 (size before relaxing)
 .literal.prvGetNextExpireTime
                0x0000000040080890        0x4 /home/noah-pena/Projects/BLE-Music-Bike/build/freertos/libfreertos.a(timers.o)
 .literal.prvInsertTimerInActiveList
                0x0000000040080894        0x4 /home/noah-pena/Projects/BLE-Music-Bike/build/freertos/libfreertos.a(timers.o)
                                         0x10 (size before relaxing)
 .literal.prvCheckForValidListAndQueue
                0x0000000040080898       0x1c /home/noah-pena/Projects/BLE-Music-Bike/build/freertos/libfreertos.a(timers.o)
                                         0x44 (size before relaxing)
 .literal.xTimerCreateTimerTask
                0x00000000400808b4       0x10 /home/noah-pena/Projects/BLE-Music-Bike/build/freertos/libfreertos.a(timers.o)
                                         0x2c (size before relaxing)
 .literal.xTimerGenericCommand
                0x00000000400808c4        0x0 /home/noah-pena/Projects/BLE-Music-Bike/build/freertos/libfreertos.a(timers.o)
                                         0x14 (size before relaxing)
 .literal.prvSwitchTimerLists
                0x00000000400808c4        0x4 /home/noah-pena/Projects/BLE-Music-Bike/build/freertos/libfreertos.a(timers.o)
                                         0x28 (size before relaxing)
 .literal.prvSampleTimeNow
                0x00000000400808c8        0x4 /home/noah-pena/Projects/BLE-Music-Bike/build/freertos/libfreertos.a(timers.o)
                                          0xc (size before relaxing)
 .literal.prvProcessExpiredTimer
                0x00000000400808cc        0x4 /home/noah-pena/Projects/BLE-Music-Bike/build/freertos/libfreertos.a(timers.o)
                                         0x24 (size before relaxing)
 .literal.prvProcessTimerOrBlockTask
                0x00000000400808d0        0x0 /home/noah-pena/Projects/BLE-Music-Bike/build/freertos/libfreertos.a(timers.o)
                                         0x24 (size before relaxing)
 .literal.prvProcessReceivedCommands
                0x00000000400808d0        0x8 /home/noah-pena/Projects/BLE-Music-Bike/build/freertos/libfreertos.a(timers.o)
                                         0x40 (size before relaxing)
 .literal.prvTimerTask
                0x00000000400808d8        0x0 /home/noah-pena/Projects/BLE-Music-Bike/build/freertos/libfreertos.a(timers.o)
                                          0xc (size before relaxing)
 .literal       0x00000000400808d8        0x0 /home/noah-pena/Projects/BLE-Music-Bike/build/freertos/libfreertos.a(xtensa_context.o)
                                         0x10 (size before relaxing)
 .literal       0x00000000400808d8       0x10 /home/noah-pena/Projects/BLE-Music-Bike/build/freertos/libfreertos.a(portasm.o)
                                         0x54 (size before relaxing)
 .literal._xt_tick_divisor_init
                0x00000000400808e8        0x4 /home/noah-pena/Projects/BLE-Music-Bike/build/freertos/libfreertos.a(xtensa_init.o)
                                          0x8 (size before relaxing)
 .literal.panicPutChar
                0x00000000400808ec        0x4 /home/noah-pena/Projects/BLE-Music-Bike/build/esp32/libesp32.a(panic.o)
                                          0x8 (size before relaxing)
 .literal.panicPutStr
                0x00000000400808f0        0x0 /home/noah-pena/Projects/BLE-Music-Bike/build/esp32/libesp32.a(panic.o)
                                          0x4 (size before relaxing)
 .literal.panicPutHex
                0x00000000400808f0        0x0 /home/noah-pena/Projects/BLE-Music-Bike/build/esp32/libesp32.a(panic.o)
                                          0x8 (size before relaxing)
 .literal.panicPutDec
                0x00000000400808f0        0x4 /home/noah-pena/Projects/BLE-Music-Bike/build/esp32/libesp32.a(panic.o)
                                         0x10 (size before relaxing)
 .literal.reconfigureAllWdts
                0x00000000400808f4        0xc /home/noah-pena/Projects/BLE-Music-Bike/build/esp32/libesp32.a(panic.o)
                                         0x24 (size before relaxing)
 .literal.putEntry
                0x0000000040080900        0xc /home/noah-pena/Projects/BLE-Music-Bike/build/esp32/libesp32.a(panic.o)
                                         0x20 (size before relaxing)
 .literal.doBacktrace
                0x000000004008090c       0x10 /home/noah-pena/Projects/BLE-Music-Bike/build/esp32/libesp32.a(panic.o)
                                         0x24 (size before relaxing)
 .literal.haltOtherCore
                0x000000004008091c        0x0 /home/noah-pena/Projects/BLE-Music-Bike/build/esp32/libesp32.a(panic.o)
                                          0x4 (size before relaxing)
 .literal.commonErrorHandler
                0x000000004008091c       0x1c /home/noah-pena/Projects/BLE-Music-Bike/build/esp32/libesp32.a(panic.o)
                                         0x48 (size before relaxing)
 .literal.abort
                0x0000000040080938        0x8 /home/noah-pena/Projects/BLE-Music-Bike/build/esp32/libesp32.a(panic.o)
                                         0x10 (size before relaxing)
 .literal.vApplicationStackOverflowHook
                0x0000000040080940        0x8 /home/noah-pena/Projects/BLE-Music-Bike/build/esp32/libesp32.a(panic.o)
                                         0x18 (size before relaxing)
 .literal.panicHandler
                0x0000000040080948       0x38 /home/noah-pena/Projects/BLE-Music-Bike/build/esp32/libesp32.a(panic.o)
                                         0x8c (size before relaxing)
 .literal.xt_unhandled_exception
                0x0000000040080980       0x1c /home/noah-pena/Projects/BLE-Music-Bike/build/esp32/libesp32.a(panic.o)
                                         0x50 (size before relaxing)
 .literal.esp_set_breakpoint_if_jtag
                0x000000004008099c        0x0 /home/noah-pena/Projects/BLE-Music-Bike/build/esp32/libesp32.a(panic.o)
                                          0x8 (size before relaxing)
 .literal._esp_error_check_failed
                0x000000004008099c        0xc /home/noah-pena/Projects/BLE-Music-Bike/build/esp32/libesp32.a(panic.o)
                                         0x1c (size before relaxing)
 .literal       0x00000000400809a8        0x0 /home/noah-pena/Libraries/esp/esp-idf/components/esp32/libhal.a(windowspill_asm.o)
                                          0x4 (size before relaxing)
 .iram1         0x00000000400809a8      0x131 /home/noah-pena/Projects/BLE-Music-Bike/build/esp32/libesp32.a(system_api.o)
                                        0x140 (size before relaxing)
                0x00000000400809a8                esp_restart_noos
                0x0000000040080ad0                esp_restart
                0x0000000040080ad0                system_restart
 *fill*         0x0000000040080ad9        0x3 
 .iram1         0x0000000040080adc       0xf6 /home/noah-pena/Projects/BLE-Music-Bike/build/esp32/libesp32.a(cpu_util.o)
                0x0000000040080adc                esp_cpu_stall
                0x0000000040080b70                esp_cpu_unstall
                0x0000000040080bc4                esp_cpu_in_ocd_debug_mode
 *fill*         0x0000000040080bd2        0x2 
 .iram1         0x0000000040080bd4      0x25c /home/noah-pena/Projects/BLE-Music-Bike/build/esp32/libesp32.a(cpu_start.o)
                                        0x2b8 (size before relaxing)
                0x0000000040080bd4                start_cpu0
                0x0000000040080bd4                start_cpu0_default
                0x0000000040080c64                start_cpu1_default
                0x0000000040080c64                start_cpu1
                0x0000000040080d08                call_start_cpu0
 .iram1         0x0000000040080e30       0x7f /home/noah-pena/Projects/BLE-Music-Bike/build/esp32/libesp32.a(ipc.o)
                                         0x8b (size before relaxing)
 *fill*         0x0000000040080eaf        0x1 
 .iram1         0x0000000040080eb0        0xf /home/noah-pena/Projects/BLE-Music-Bike/build/esp32/libesp32.a(cpu_freq.o)
                0x0000000040080eb0                ets_update_cpu_frequency
 *fill*         0x0000000040080ebf        0x1 
 .iram1         0x0000000040080ec0       0x53 /home/noah-pena/Projects/BLE-Music-Bike/build/esp32/libesp32.a(int_wdt.o)
 *fill*         0x0000000040080f13        0x1 
 .iram1         0x0000000040080f14       0x1c /home/noah-pena/Projects/BLE-Music-Bike/build/esp32/libesp32.a(freertos_hooks.o)
                0x0000000040080f14                esp_vApplicationTickHook
 .iram1         0x0000000040080f30       0x98 /home/noah-pena/Projects/BLE-Music-Bike/build/esp32/libesp32.a(crosscore_int.o)
                                         0xa8 (size before relaxing)
                0x0000000040080f74                esp_crosscore_int_send_yield
 .iram1         0x0000000040080fc8      0x1f6 /home/noah-pena/Projects/BLE-Music-Bike/build/esp32/libesp32.a(intr_alloc.o)
                                        0x20a (size before relaxing)
                0x0000000040081004                esp_intr_enable
                0x000000004008108c                esp_intr_disable
                0x000000004008111c                esp_intr_noniram_disable
                0x0000000040081168                esp_intr_noniram_enable
                0x00000000400811a8                ets_isr_unmask
                0x00000000400811b4                ets_isr_mask
 *fill*         0x00000000400811be        0x2 
 .iram1         0x00000000400811c0      0x4c6 /home/noah-pena/Projects/BLE-Music-Bike/build/freertos/libfreertos.a(xtensa_vectors.o)
                0x00000000400811c0                _xt_panic
                0x00000000400812e0                _xt_user_exit
                0x00000000400815b4                _xt_medint2_exit
                0x0000000040081640                _xt_medint3_exit
 *fill*         0x0000000040081686        0x2 
 .iram1         0x0000000040081688      0x17a /home/noah-pena/Projects/BLE-Music-Bike/build/log/liblog.a(log.o)
                                        0x186 (size before relaxing)
                0x0000000040081688                esp_log_write
                0x00000000400817b8                esp_log_early_timestamp
                0x00000000400817cc                esp_log_timestamp
 *fill*         0x0000000040081802        0x2 
 .iram1         0x0000000040081804       0xb4 /home/noah-pena/Projects/BLE-Music-Bike/build/newlib/libnewlib.a(time.o)
                                         0xbc (size before relaxing)
                0x000000004008184c                _gettimeofday_r
                0x0000000040081890                _times_r
 .iram1         0x00000000400818b8       0x3c /home/noah-pena/Projects/BLE-Music-Bike/build/newlib/libnewlib.a(reent_init.o)
                0x00000000400818b8                esp_reent_init
 .iram1         0x00000000400818f4       0x76 /home/noah-pena/Projects/BLE-Music-Bike/build/newlib/libnewlib.a(syscalls.o)
                                         0x86 (size before relaxing)
                0x00000000400818f4                _malloc_r
                0x0000000040081900                _free_r
                0x000000004008190c                _realloc_r
                0x000000004008194c                _calloc_r
 *fill*         0x000000004008196a        0x2 
 .iram1         0x000000004008196c      0x1c8 /home/noah-pena/Projects/BLE-Music-Bike/build/newlib/libnewlib.a(locks.o)
                                        0x20c (size before relaxing)
                0x0000000040081a88                _lock_init
                0x0000000040081a94                _lock_init_recursive
                0x0000000040081aa0                _lock_close
                0x0000000040081adc                _lock_acquire
                0x0000000040081aec                _lock_acquire_recursive
                0x0000000040081afc                _lock_try_acquire
                0x0000000040081b0c                _lock_try_acquire_recursive
                0x0000000040081b1c                _lock_release
                0x0000000040081b28                _lock_release_recursive
 .iram1         0x0000000040081b34      0x2d9 /home/noah-pena/Projects/BLE-Music-Bike/build/spi_flash/libspi_flash.a(cache_utils.o)
                                        0x309 (size before relaxing)
                0x0000000040081bfc                spi_flash_op_block_func
                0x0000000040081c40                spi_flash_disable_interrupts_caches_and_other_cpu
                0x0000000040081d10                spi_flash_enable_interrupts_caches_and_other_cpu
                0x0000000040081da0                spi_flash_disable_interrupts_caches_and_other_cpu_no_os
                0x0000000040081dcc                spi_flash_enable_interrupts_caches_no_os
                0x0000000040081de8                spi_flash_cache_enabled
 *fill*         0x0000000040081e0d        0x3 
 .iram1         0x0000000040081e10      0x55d /home/noah-pena/Projects/BLE-Music-Bike/build/spi_flash/libspi_flash.a(flash_ops.o)
                                        0x575 (size before relaxing)
                0x0000000040081e54                spi_flash_guard_set
                0x0000000040081e60                spi_flash_get_chip_size
                0x0000000040081e6c                spi_flash_erase_range
                0x0000000040081f10                spi_flash_erase_sector
                0x0000000040081f20                spi_flash_write
                0x00000000400820d4                spi_flash_read
                0x000000004008221c                spi_flash_read_encrypted
                0x0000000040082268                spi_flash_write_encrypted
 *fill*         0x000000004008236d        0x3 
 .iram1         0x0000000040082370      0x39e /home/noah-pena/Projects/BLE-Music-Bike/build/spi_flash/libspi_flash.a(flash_mmap.o)
                                        0x3a2 (size before relaxing)
                0x000000004008245c                spi_flash_mmap
                0x0000000040082620                spi_flash_munmap
                0x00000000400826c4                spi_flash_mark_modified_region
 *fill*         0x000000004008270e        0x2 
 .iram1         0x0000000040082710       0x88 /home/noah-pena/Projects/BLE-Music-Bike/build/spi_flash/libspi_flash.a(spi_flash_rom_patch.o)
                0x0000000040082734                SPIUnlock
 .iram1         0x0000000040082798      0x18d /home/noah-pena/Projects/BLE-Music-Bike/build/vfs/libvfs.a(vfs_uart.o)
                                        0x1a9 (size before relaxing)
 *fill*         0x0000000040082925        0x0 
 *fill*         0x0000000040082925        0x0 
 *fill*         0x0000000040082925        0x0 
 *fill*         0x0000000040082925        0x0 
 *fill*         0x0000000040082925        0x0 
 *fill*         0x0000000040082925        0x0 
 *fill*         0x0000000040082925        0x0 
 *fill*         0x0000000040082925        0x0 
 *fill*         0x0000000040082925        0x0 
 *fill*         0x0000000040082925        0x0 
 *fill*         0x0000000040082925        0x0 
 *libfreertos.a:(.literal .text .literal.* .text.*)
 *fill*         0x0000000040082925        0x3 
 .text.xt_unhandled_interrupt
                0x0000000040082928       0x16 /home/noah-pena/Projects/BLE-Music-Bike/build/freertos/libfreertos.a(xtensa_intr.o)
                0x0000000040082928                xt_unhandled_interrupt
 *fill*         0x000000004008293e        0x2 
 .text.xt_set_interrupt_handler
                0x0000000040082940       0x4a /home/noah-pena/Projects/BLE-Music-Bike/build/freertos/libfreertos.a(xtensa_intr.o)
                0x0000000040082940                xt_set_interrupt_handler
 *fill*         0x000000004008298a        0x2 
 .text.prvCopyDataToQueue
                0x000000004008298c       0x9e /home/noah-pena/Projects/BLE-Music-Bike/build/freertos/libfreertos.a(queue.o)
 *fill*         0x0000000040082a2a        0x2 
 .text.prvNotifyQueueSetContainer
                0x0000000040082a2c       0x69 /home/noah-pena/Projects/BLE-Music-Bike/build/freertos/libfreertos.a(queue.o)
                                         0x75 (size before relaxing)
 *fill*         0x0000000040082a95        0x3 
 .text.prvCopyDataFromQueue
                0x0000000040082a98       0x24 /home/noah-pena/Projects/BLE-Music-Bike/build/freertos/libfreertos.a(queue.o)
 .text.prvIsQueueFull
                0x0000000040082abc       0x2a /home/noah-pena/Projects/BLE-Music-Bike/build/freertos/libfreertos.a(queue.o)
 *fill*         0x0000000040082ae6        0x2 
 .text.xQueueGenericReset
                0x0000000040082ae8       0x83 /home/noah-pena/Projects/BLE-Music-Bike/build/freertos/libfreertos.a(queue.o)
                                         0x9f (size before relaxing)
                0x0000000040082ae8                xQueueGenericReset
 *fill*         0x0000000040082b6b        0x1 
 .text.prvInitialiseNewQueue
                0x0000000040082b6c       0x1f /home/noah-pena/Projects/BLE-Music-Bike/build/freertos/libfreertos.a(queue.o)
                                         0x23 (size before relaxing)
 *fill*         0x0000000040082b8b        0x1 
 .text.xQueueGenericCreate
                0x0000000040082b8c       0x45 /home/noah-pena/Projects/BLE-Music-Bike/build/freertos/libfreertos.a(queue.o)
                                         0x4d (size before relaxing)
                0x0000000040082b8c                xQueueGenericCreate
 *fill*         0x0000000040082bd1        0x3 
 .text.xQueueGetMutexHolder
                0x0000000040082bd4       0x23 /home/noah-pena/Projects/BLE-Music-Bike/build/freertos/libfreertos.a(queue.o)
                0x0000000040082bd4                xQueueGetMutexHolder
 *fill*         0x0000000040082bf7        0x1 
 .text.xQueueGenericSend
                0x0000000040082bf8      0x161 /home/noah-pena/Projects/BLE-Music-Bike/build/freertos/libfreertos.a(queue.o)
                                        0x1a5 (size before relaxing)
                0x0000000040082bf8                xQueueGenericSend
 *fill*         0x0000000040082d59        0x3 
 .text.prvInitialiseMutex
                0x0000000040082d5c       0x22 /home/noah-pena/Projects/BLE-Music-Bike/build/freertos/libfreertos.a(queue.o)
                                         0x26 (size before relaxing)
 *fill*         0x0000000040082d7e        0x2 
 .text.xQueueCreateMutex
                0x0000000040082d80       0x16 /home/noah-pena/Projects/BLE-Music-Bike/build/freertos/libfreertos.a(queue.o)
                                         0x1a (size before relaxing)
                0x0000000040082d80                xQueueCreateMutex
 *fill*         0x0000000040082d96        0x2 
 .text.xQueueGiveMutexRecursive
                0x0000000040082d98       0x48 /home/noah-pena/Projects/BLE-Music-Bike/build/freertos/libfreertos.a(queue.o)
                                         0x4c (size before relaxing)
                0x0000000040082d98                xQueueGiveMutexRecursive
 .text.xQueueGenericSendFromISR
                0x0000000040082de0       0xd6 /home/noah-pena/Projects/BLE-Music-Bike/build/freertos/libfreertos.a(queue.o)
                                         0xe6 (size before relaxing)
                0x0000000040082de0                xQueueGenericSendFromISR
 *fill*         0x0000000040082eb6        0x2 
 .text.xQueueGiveFromISR
                0x0000000040082eb8       0xb6 /home/noah-pena/Projects/BLE-Music-Bike/build/freertos/libfreertos.a(queue.o)
                                         0xc2 (size before relaxing)
                0x0000000040082eb8                xQueueGiveFromISR
 *fill*         0x0000000040082f6e        0x2 
 .text.xQueueGenericReceive
                0x0000000040082f70      0x141 /home/noah-pena/Projects/BLE-Music-Bike/build/freertos/libfreertos.a(queue.o)
                                        0x185 (size before relaxing)
                0x0000000040082f70                xQueueGenericReceive
 *fill*         0x00000000400830b1        0x3 
 .text.xQueueTakeMutexRecursive
                0x00000000400830b4       0x51 /home/noah-pena/Projects/BLE-Music-Bike/build/freertos/libfreertos.a(queue.o)
                0x00000000400830b4                xQueueTakeMutexRecursive
 *fill*         0x0000000040083105        0x3 
 .text.xQueueReceiveFromISR
                0x0000000040083108       0x96 /home/noah-pena/Projects/BLE-Music-Bike/build/freertos/libfreertos.a(queue.o)
                                         0xa6 (size before relaxing)
                0x0000000040083108                xQueueReceiveFromISR
 *fill*         0x000000004008319e        0x2 
 .text.vQueueDelete
                0x00000000400831a0       0x25 /home/noah-pena/Projects/BLE-Music-Bike/build/freertos/libfreertos.a(queue.o)
                                         0x28 (size before relaxing)
                0x00000000400831a0                vQueueDelete
 *fill*         0x00000000400831c5        0x3 
 .text.vQueueWaitForMessageRestricted
                0x00000000400831c8       0x23 /home/noah-pena/Projects/BLE-Music-Bike/build/freertos/libfreertos.a(queue.o)
                                         0x2a (size before relaxing)
                0x00000000400831c8                vQueueWaitForMessageRestricted
 *fill*         0x00000000400831eb        0x1 
 .text.pxPortInitialiseStack
                0x00000000400831ec       0x50 /home/noah-pena/Projects/BLE-Music-Bike/build/freertos/libfreertos.a(port.o)
                0x00000000400831ec                pxPortInitialiseStack
 .text.xPortStartScheduler
                0x000000004008323c       0x22 /home/noah-pena/Projects/BLE-Music-Bike/build/freertos/libfreertos.a(port.o)
                                         0x2e (size before relaxing)
                0x000000004008323c                xPortStartScheduler
 *fill*         0x000000004008325e        0x2 
 .text.xPortSysTickHandler
                0x0000000040083260       0x10 /home/noah-pena/Projects/BLE-Music-Bike/build/freertos/libfreertos.a(port.o)
                                         0x16 (size before relaxing)
                0x0000000040083260                xPortSysTickHandler
 *fill*         0x0000000040083270        0x0 
 .text.vPortYieldOtherCore
                0x0000000040083270        0xa /home/noah-pena/Projects/BLE-Music-Bike/build/freertos/libfreertos.a(port.o)
                                          0xe (size before relaxing)
                0x0000000040083270                vPortYieldOtherCore
 *fill*         0x000000004008327a        0x2 
 .text.xPortInIsrContext
                0x000000004008327c       0x26 /home/noah-pena/Projects/BLE-Music-Bike/build/freertos/libfreertos.a(port.o)
                0x000000004008327c                xPortInIsrContext
 *fill*         0x00000000400832a2        0x2 
 .text.vPortCPUInitializeMutex
                0x00000000400832a4        0xd /home/noah-pena/Projects/BLE-Music-Bike/build/freertos/libfreertos.a(port.o)
                0x00000000400832a4                vPortCPUInitializeMutex
 *fill*         0x00000000400832b1        0x3 
 .text.vPortCPUAcquireMutex
                0x00000000400832b4       0x60 /home/noah-pena/Projects/BLE-Music-Bike/build/freertos/libfreertos.a(port.o)
                0x00000000400832b4                vPortCPUAcquireMutex
 .text.vPortCPUReleaseMutex
                0x0000000040083314       0x63 /home/noah-pena/Projects/BLE-Music-Bike/build/freertos/libfreertos.a(port.o)
                0x0000000040083314                vPortCPUReleaseMutex
 *fill*         0x0000000040083377        0x1 
 .text.vPortFirstTaskHook
                0x0000000040083378        0xa /home/noah-pena/Projects/BLE-Music-Bike/build/freertos/libfreertos.a(port.o)
                                          0xe (size before relaxing)
                0x0000000040083378                vPortFirstTaskHook
 *fill*         0x0000000040083382        0x2 
 .text.prvInsertBlockIntoFreeList
                0x0000000040083384       0x9f /home/noah-pena/Projects/BLE-Music-Bike/build/freertos/libfreertos.a(heap_regions.o)
 *fill*         0x0000000040083423        0x1 
 .text.pvPortMallocTagged
                0x0000000040083424      0x114 /home/noah-pena/Projects/BLE-Music-Bike/build/freertos/libfreertos.a(heap_regions.o)
                                        0x123 (size before relaxing)
                0x0000000040083424                pvPortMallocTagged
 *fill*         0x0000000040083538        0x0 
 .text.vPortFreeTagged
                0x0000000040083538       0x88 /home/noah-pena/Projects/BLE-Music-Bike/build/freertos/libfreertos.a(heap_regions.o)
                                         0x94 (size before relaxing)
                0x0000000040083538                vPortFreeTagged
 .text.vPortDefineHeapRegionsTagged
                0x00000000400835c0      0x185 /home/noah-pena/Projects/BLE-Music-Bike/build/freertos/libfreertos.a(heap_regions.o)
                                        0x191 (size before relaxing)
                0x00000000400835c0                vPortDefineHeapRegionsTagged
 *fill*         0x0000000040083745        0x3 
 .text.prvResetNextTaskUnblockTime
                0x0000000040083748       0x34 /home/noah-pena/Projects/BLE-Music-Bike/build/freertos/libfreertos.a(tasks.o)
 .text.prvInitialiseNewTask
                0x000000004008377c       0xc6 /home/noah-pena/Projects/BLE-Music-Bike/build/freertos/libfreertos.a(tasks.o)
                                         0xd2 (size before relaxing)
 *fill*         0x0000000040083842        0x2 
 .text.prvInitialiseTaskLists
                0x0000000040083844       0x60 /home/noah-pena/Projects/BLE-Music-Bike/build/freertos/libfreertos.a(tasks.o)
                                         0x74 (size before relaxing)
 .text.prvAddCurrentTaskToDelayedList
                0x00000000400838a4       0x66 /home/noah-pena/Projects/BLE-Music-Bike/build/freertos/libfreertos.a(tasks.o)
                                         0x6a (size before relaxing)
 *fill*         0x000000004008390a        0x2 
 .text.prvDeleteTCB
                0x000000004008390c       0x48 /home/noah-pena/Projects/BLE-Music-Bike/build/freertos/libfreertos.a(tasks.o)
                                         0x53 (size before relaxing)
 *fill*         0x0000000040083954        0x0 
 .text.taskYIELD_OTHER_CORE
                0x0000000040083954       0x53 /home/noah-pena/Projects/BLE-Music-Bike/build/freertos/libfreertos.a(tasks.o)
                0x0000000040083954                taskYIELD_OTHER_CORE
 *fill*         0x00000000400839a7        0x1 
 .text.vTaskSuspendAll
                0x00000000400839a8       0x26 /home/noah-pena/Projects/BLE-Music-Bike/build/freertos/libfreertos.a(tasks.o)
                0x00000000400839a8                vTaskSuspendAll
 *fill*         0x00000000400839ce        0x2 
 .text.vTaskSwitchContext
                0x00000000400839d0      0x27e /home/noah-pena/Projects/BLE-Music-Bike/build/freertos/libfreertos.a(tasks.o)
                                        0x286 (size before relaxing)
                0x00000000400839d0                vTaskSwitchContext
 *fill*         0x0000000040083c4e        0x2 
 .text.xTaskRemoveFromEventList
                0x0000000040083c50      0x104 /home/noah-pena/Projects/BLE-Music-Bike/build/freertos/libfreertos.a(tasks.o)
                                        0x113 (size before relaxing)
                0x0000000040083c50                xTaskRemoveFromEventList
 *fill*         0x0000000040083d54        0x0 
 .text.vTaskSetTimeOutState
                0x0000000040083d54       0x34 /home/noah-pena/Projects/BLE-Music-Bike/build/freertos/libfreertos.a(tasks.o)
                0x0000000040083d54                vTaskSetTimeOutState
 .text.xTaskGetCurrentTaskHandle
                0x0000000040083d88       0x1f /home/noah-pena/Projects/BLE-Music-Bike/build/freertos/libfreertos.a(tasks.o)
                0x0000000040083d88                xTaskGetCurrentTaskHandle
 *fill*         0x0000000040083da7        0x1 
 .text.__getreent
                0x0000000040083da8       0x19 /home/noah-pena/Projects/BLE-Music-Bike/build/freertos/libfreertos.a(tasks.o)
                0x0000000040083da8                __getreent
 *fill*         0x0000000040083dc1        0x3 
 .text.pcTaskGetTaskName
                0x0000000040083dc4       0x2a /home/noah-pena/Projects/BLE-Music-Bike/build/freertos/libfreertos.a(tasks.o)
                                         0x2d (size before relaxing)
                0x0000000040083dc4                pcTaskGetTaskName
 *fill*         0x0000000040083dee        0x2 
 .text.xTaskGetAffinity
                0x0000000040083df0       0x10 /home/noah-pena/Projects/BLE-Music-Bike/build/freertos/libfreertos.a(tasks.o)
                                         0x13 (size before relaxing)
                0x0000000040083df0                xTaskGetAffinity
 *fill*         0x0000000040083e00        0x0 
 .text.xTaskGetCurrentTaskHandleForCPU
                0x0000000040083e00       0x18 /home/noah-pena/Projects/BLE-Music-Bike/build/freertos/libfreertos.a(tasks.o)
                0x0000000040083e00                xTaskGetCurrentTaskHandleForCPU
 .text.xTaskGetSchedulerState
                0x0000000040083e18       0x37 /home/noah-pena/Projects/BLE-Music-Bike/build/freertos/libfreertos.a(tasks.o)
                0x0000000040083e18                xTaskGetSchedulerState
 *fill*         0x0000000040083e4f        0x1 
 .text.vTaskEnterCritical
                0x0000000040083e50       0x72 /home/noah-pena/Projects/BLE-Music-Bike/build/freertos/libfreertos.a(tasks.o)
                                         0x76 (size before relaxing)
                0x0000000040083e50                vTaskEnterCritical
 *fill*         0x0000000040083ec2        0x2 
 .text.vTaskExitCritical
                0x0000000040083ec4       0x6e /home/noah-pena/Projects/BLE-Music-Bike/build/freertos/libfreertos.a(tasks.o)
                                         0x72 (size before relaxing)
                0x0000000040083ec4                vTaskExitCritical
 *fill*         0x0000000040083f32        0x2 
 .text.prvAddNewTaskToReadyList
                0x0000000040083f34      0x164 /home/noah-pena/Projects/BLE-Music-Bike/build/freertos/libfreertos.a(tasks.o)
                                        0x177 (size before relaxing)
 *fill*         0x0000000040084098        0x0 
 .text.xTaskCreatePinnedToCore
                0x0000000040084098       0x65 /home/noah-pena/Projects/BLE-Music-Bike/build/freertos/libfreertos.a(tasks.o)
                                         0x75 (size before relaxing)
                0x0000000040084098                xTaskCreatePinnedToCore
 *fill*         0x00000000400840fd        0x3 
 .text.vTaskStartScheduler
                0x0000000040084100       0x63 /home/noah-pena/Projects/BLE-Music-Bike/build/freertos/libfreertos.a(tasks.o)
                                         0x6e (size before relaxing)
                0x0000000040084100                vTaskStartScheduler
 *fill*         0x0000000040084163        0x1 
 .text.vTaskDelete
                0x0000000040084164       0xac /home/noah-pena/Projects/BLE-Music-Bike/build/freertos/libfreertos.a(tasks.o)
                                         0xc8 (size before relaxing)
                0x0000000040084164                vTaskDelete
 .text.prvCheckTasksWaitingTermination
                0x0000000040084210       0x7f /home/noah-pena/Projects/BLE-Music-Bike/build/freertos/libfreertos.a(tasks.o)
                                         0x87 (size before relaxing)
 *fill*         0x000000004008428f        0x1 
 .text.prvIdleTask
                0x0000000040084290        0xc /home/noah-pena/Projects/BLE-Music-Bike/build/freertos/libfreertos.a(tasks.o)
                                         0x12 (size before relaxing)
 *fill*         0x000000004008429c        0x0 
 .text.xTaskGetTickCount
                0x000000004008429c       0x1c /home/noah-pena/Projects/BLE-Music-Bike/build/freertos/libfreertos.a(tasks.o)
                                         0x20 (size before relaxing)
                0x000000004008429c                xTaskGetTickCount
 .text.xTaskIncrementTick
                0x00000000400842b8      0x1b2 /home/noah-pena/Projects/BLE-Music-Bike/build/freertos/libfreertos.a(tasks.o)
                                        0x1ce (size before relaxing)
                0x00000000400842b8                xTaskIncrementTick
 *fill*         0x000000004008446a        0x2 
 .text.xTaskResumeAll
                0x000000004008446c      0x18b /home/noah-pena/Projects/BLE-Music-Bike/build/freertos/libfreertos.a(tasks.o)
                                        0x1a2 (size before relaxing)
                0x000000004008446c                xTaskResumeAll
 *fill*         0x00000000400845f7        0x1 
 .text.vTaskPlaceOnEventList
                0x00000000400845f8       0x8f /home/noah-pena/Projects/BLE-Music-Bike/build/freertos/libfreertos.a(tasks.o)
                                         0xa3 (size before relaxing)
                0x00000000400845f8                vTaskPlaceOnEventList
 *fill*         0x0000000040084687        0x1 
 .text.vTaskPlaceOnEventListRestricted
                0x0000000040084688       0x6b /home/noah-pena/Projects/BLE-Music-Bike/build/freertos/libfreertos.a(tasks.o)
                                         0x7f (size before relaxing)
                0x0000000040084688                vTaskPlaceOnEventListRestricted
 *fill*         0x00000000400846f3        0x1 
 .text.xTaskCheckForTimeOut
                0x00000000400846f4       0x8b /home/noah-pena/Projects/BLE-Music-Bike/build/freertos/libfreertos.a(tasks.o)
                                         0x96 (size before relaxing)
                0x00000000400846f4                xTaskCheckForTimeOut
 *fill*         0x000000004008477f        0x1 
 .text.vTaskPriorityInherit
                0x0000000040084780       0xc4 /home/noah-pena/Projects/BLE-Music-Bike/build/freertos/libfreertos.a(tasks.o)
                                         0xdb (size before relaxing)
                0x0000000040084780                vTaskPriorityInherit
 *fill*         0x0000000040084844        0x0 
 .text.xTaskPriorityDisinherit
                0x0000000040084844       0x97 /home/noah-pena/Projects/BLE-Music-Bike/build/freertos/libfreertos.a(tasks.o)
                                         0xaa (size before relaxing)
                0x0000000040084844                xTaskPriorityDisinherit
 *fill*         0x00000000400848db        0x1 
 .text.pvTaskIncrementMutexHeldCount
                0x00000000400848dc       0x50 /home/noah-pena/Projects/BLE-Music-Bike/build/freertos/libfreertos.a(tasks.o)
                                         0x54 (size before relaxing)
                0x00000000400848dc                pvTaskIncrementMutexHeldCount
 .text.prvGetNextExpireTime
                0x000000004008492c       0x20 /home/noah-pena/Projects/BLE-Music-Bike/build/freertos/libfreertos.a(timers.o)
 .text.prvInsertTimerInActiveList
                0x000000004008494c       0x50 /home/noah-pena/Projects/BLE-Music-Bike/build/freertos/libfreertos.a(timers.o)
                                         0x54 (size before relaxing)
 .text.prvCheckForValidListAndQueue
                0x000000004008499c       0x66 /home/noah-pena/Projects/BLE-Music-Bike/build/freertos/libfreertos.a(timers.o)
                                         0x7e (size before relaxing)
 *fill*         0x0000000040084a02        0x2 
 .text.xTimerCreateTimerTask
                0x0000000040084a04       0x48 /home/noah-pena/Projects/BLE-Music-Bike/build/freertos/libfreertos.a(timers.o)
                                         0x4c (size before relaxing)
                0x0000000040084a04                xTimerCreateTimerTask
 .text.xTimerGenericCommand
                0x0000000040084a4c       0x55 /home/noah-pena/Projects/BLE-Music-Bike/build/freertos/libfreertos.a(timers.o)
                                         0x5d (size before relaxing)
                0x0000000040084a4c                xTimerGenericCommand
 *fill*         0x0000000040084aa1        0x3 
 .text.prvSwitchTimerLists
                0x0000000040084aa4       0x76 /home/noah-pena/Projects/BLE-Music-Bike/build/freertos/libfreertos.a(timers.o)
                                         0x82 (size before relaxing)
 *fill*         0x0000000040084b1a        0x2 
 .text.prvSampleTimeNow
                0x0000000040084b1c       0x2b /home/noah-pena/Projects/BLE-Music-Bike/build/freertos/libfreertos.a(timers.o)
                                         0x2f (size before relaxing)
 *fill*         0x0000000040084b47        0x1 
 .text.prvProcessExpiredTimer
                0x0000000040084b48       0x53 /home/noah-pena/Projects/BLE-Music-Bike/build/freertos/libfreertos.a(timers.o)
                                         0x5f (size before relaxing)
 *fill*         0x0000000040084b9b        0x1 
 .text.prvProcessTimerOrBlockTask
                0x0000000040084b9c       0x50 /home/noah-pena/Projects/BLE-Music-Bike/build/freertos/libfreertos.a(timers.o)
                                         0x64 (size before relaxing)
 .text.prvProcessReceivedCommands
                0x0000000040084bec       0xd2 /home/noah-pena/Projects/BLE-Music-Bike/build/freertos/libfreertos.a(timers.o)
                                         0xe6 (size before relaxing)
 *fill*         0x0000000040084cbe        0x2 
 .text.prvTimerTask
                0x0000000040084cc0       0x15 /home/noah-pena/Projects/BLE-Music-Bike/build/freertos/libfreertos.a(timers.o)
                                         0x1d (size before relaxing)
 *fill*         0x0000000040084cd5        0x3 
 .text          0x0000000040084cd8      0x12b /home/noah-pena/Projects/BLE-Music-Bike/build/freertos/libfreertos.a(xtensa_context.o)
                0x0000000040084cd8                _xt_context_save
                0x0000000040084d40                _xt_context_restore
                0x0000000040084d84                _xt_coproc_init
                0x0000000040084d98                _xt_coproc_release
                0x0000000040084dc4                _xt_coproc_savecs
                0x0000000040084de4                _xt_coproc_restorecs
 *fill*         0x0000000040084e03        0x1 
 .text          0x0000000040084e04      0x1cc /home/noah-pena/Projects/BLE-Music-Bike/build/freertos/libfreertos.a(portasm.o)
                0x0000000040084e04                _frxt_setup_switch
                0x0000000040084e1c                _frxt_int_enter
                0x0000000040084e64                _frxt_int_exit
                0x0000000040084eb4                _frxt_timer_int
                0x0000000040084ed8                _frxt_tick_timer_init
                0x0000000040084ef0                _frxt_dispatch
                0x0000000040084f38                vPortYield
                0x0000000040084f84                vPortYieldFromInt
                0x0000000040084fa4                _frxt_task_coproc_state
 .text._xt_tick_divisor_init
                0x0000000040084fd0        0xd /home/noah-pena/Projects/BLE-Music-Bike/build/freertos/libfreertos.a(xtensa_init.o)
                0x0000000040084fd0                _xt_tick_divisor_init
 *fill*         0x0000000040084fdd        0x0 
 *fill*         0x0000000040084fdd        0x0 
 *fill*         0x0000000040084fdd        0x3 
 .text.prvIsQueueEmpty
                0x0000000040084fe0       0x12 /home/noah-pena/Projects/BLE-Music-Bike/build/freertos/libfreertos.a(queue.o)
 *fill*         0x0000000040084ff2        0x0 
 *fill*         0x0000000040084ff2        0x0 
 *fill*         0x0000000040084ff2        0x0 
 *fill*         0x0000000040084ff2        0x0 
 *fill*         0x0000000040084ff2        0x0 
 *fill*         0x0000000040084ff2        0x0 
 *fill*         0x0000000040084ff2        0x0 
 *fill*         0x0000000040084ff2        0x0 
 *fill*         0x0000000040084ff2        0x0 
 *fill*         0x0000000040084ff2        0x0 
 *fill*         0x0000000040084ff2        0x0 
 *fill*         0x0000000040084ff2        0x0 
 *fill*         0x0000000040084ff2        0x0 
 *fill*         0x0000000040084ff2        0x0 
 *fill*         0x0000000040084ff2        0x0 
 *fill*         0x0000000040084ff2        0x0 
 *fill*         0x0000000040084ff2        0x2 
 .text.vListInitialise
                0x0000000040084ff4       0x15 /home/noah-pena/Projects/BLE-Music-Bike/build/freertos/libfreertos.a(list.o)
                0x0000000040084ff4                vListInitialise
 *fill*         0x0000000040085009        0x3 
 .text.vListInitialiseItem
                0x000000004008500c        0x9 /home/noah-pena/Projects/BLE-Music-Bike/build/freertos/libfreertos.a(list.o)
                0x000000004008500c                vListInitialiseItem
 *fill*         0x0000000040085015        0x3 
 .text.vListInsertEnd
                0x0000000040085018       0x1b /home/noah-pena/Projects/BLE-Music-Bike/build/freertos/libfreertos.a(list.o)
                0x0000000040085018                vListInsertEnd
 *fill*         0x0000000040085033        0x1 
 .text.vListInsert
                0x0000000040085034       0x2f /home/noah-pena/Projects/BLE-Music-Bike/build/freertos/libfreertos.a(list.o)
                0x0000000040085034                vListInsert
 *fill*         0x0000000040085063        0x1 
 .text.uxListRemove
                0x0000000040085064       0x26 /home/noah-pena/Projects/BLE-Music-Bike/build/freertos/libfreertos.a(list.o)
                0x0000000040085064                uxListRemove
 *fill*         0x000000004008508a        0x0 
 *fill*         0x000000004008508a        0x0 
 *fill*         0x000000004008508a        0x0 
 *fill*         0x000000004008508a        0x2 
 .text.vPortStoreTaskMPUSettings
                0x000000004008508c       0x16 /home/noah-pena/Projects/BLE-Music-Bike/build/freertos/libfreertos.a(port.o)
                0x000000004008508c                vPortStoreTaskMPUSettings
 *fill*         0x00000000400850a2        0x0 
 *fill*         0x00000000400850a2        0x0 
 *fill*         0x00000000400850a2        0x0 
 *fill*         0x00000000400850a2        0x0 
 *fill*         0x00000000400850a2        0x0 
 *fill*         0x00000000400850a2        0x0 
 *fill*         0x00000000400850a2        0x0 
 *fill*         0x00000000400850a2        0x0 
 *fill*         0x00000000400850a2        0x0 
 *fill*         0x00000000400850a2        0x0 
 *fill*         0x00000000400850a2        0x0 
 *fill*         0x00000000400850a2        0x0 
 *fill*         0x00000000400850a2        0x0 
 *fill*         0x00000000400850a2        0x0 
 *fill*         0x00000000400850a2        0x0 
 *fill*         0x00000000400850a2        0x0 
 *fill*         0x00000000400850a2        0x0 
 *fill*         0x00000000400850a2        0x0 
 *fill*         0x00000000400850a2        0x0 
 *fill*         0x00000000400850a2        0x0 
 *fill*         0x00000000400850a2        0x0 
 *fill*         0x00000000400850a2        0x0 
 *fill*         0x00000000400850a2        0x0 
 *fill*         0x00000000400850a2        0x0 
 *fill*         0x00000000400850a2        0x0 
 *fill*         0x00000000400850a2        0x0 
 *fill*         0x00000000400850a2        0x0 
 *fill*         0x00000000400850a2        0x0 
 *fill*         0x00000000400850a2        0x0 
 *fill*         0x00000000400850a2        0x0 
 *fill*         0x00000000400850a2        0x0 
 *fill*         0x00000000400850a2        0x0 
 *fill*         0x00000000400850a2        0x0 
 *fill*         0x00000000400850a2        0x0 
 *fill*         0x00000000400850a2        0x0 
 *fill*         0x00000000400850a2        0x0 
 *fill*         0x00000000400850a2        0x0 
 *fill*         0x00000000400850a2        0x0 
 *fill*         0x00000000400850a2        0x0 
 *fill*         0x00000000400850a2        0x0 
 *fill*         0x00000000400850a2        0x0 
 *fill*         0x00000000400850a2        0x2 
 .text          0x00000000400850a4       0x33 /home/noah-pena/Projects/BLE-Music-Bike/build/freertos/libfreertos.a(xtensa_intr_asm.o)
                0x00000000400850a4                xt_ints_on
                0x00000000400850bc                xt_ints_off
 *fill*         0x00000000400850d7        0x0 
 *libesp32.a:panic.o(.literal .text .literal.* .text.*)
 *fill*         0x00000000400850d7        0x1 
 .text.panicPutChar
                0x00000000400850d8       0x1e /home/noah-pena/Projects/BLE-Music-Bike/build/esp32/libesp32.a(panic.o)
 *fill*         0x00000000400850f6        0x2 
 .text.panicPutStr
                0x00000000400850f8       0x1a /home/noah-pena/Projects/BLE-Music-Bike/build/esp32/libesp32.a(panic.o)
 *fill*         0x0000000040085112        0x2 
 .text.panicPutHex
                0x0000000040085114       0x2c /home/noah-pena/Projects/BLE-Music-Bike/build/esp32/libesp32.a(panic.o)
                                         0x2f (size before relaxing)
 *fill*         0x0000000040085140        0x0 
 .text.panicPutDec
                0x0000000040085140       0x3c /home/noah-pena/Projects/BLE-Music-Bike/build/esp32/libesp32.a(panic.o)
                                         0x46 (size before relaxing)
 *fill*         0x000000004008517c        0x0 
 .text.reconfigureAllWdts
                0x000000004008517c       0xa8 /home/noah-pena/Projects/BLE-Music-Bike/build/esp32/libesp32.a(panic.o)
 .text.putEntry
                0x0000000040085224       0x2b /home/noah-pena/Projects/BLE-Music-Bike/build/esp32/libesp32.a(panic.o)
                                         0x37 (size before relaxing)
 *fill*         0x000000004008524f        0x1 
 .text.doBacktrace
                0x0000000040085250       0x6c /home/noah-pena/Projects/BLE-Music-Bike/build/esp32/libesp32.a(panic.o)
                                         0x77 (size before relaxing)
 *fill*         0x00000000400852bc        0x0 
 .text.haltOtherCore
                0x00000000400852bc       0x18 /home/noah-pena/Projects/BLE-Music-Bike/build/esp32/libesp32.a(panic.o)
 .text.commonErrorHandler
                0x00000000400852d4       0x77 /home/noah-pena/Projects/BLE-Music-Bike/build/esp32/libesp32.a(panic.o)
                                         0x93 (size before relaxing)
 *fill*         0x000000004008534b        0x1 
 .text.abort    0x000000004008534c       0x33 /home/noah-pena/Projects/BLE-Music-Bike/build/esp32/libesp32.a(panic.o)
                0x000000004008534c                abort
 *fill*         0x000000004008537f        0x1 
 .text.vApplicationStackOverflowHook
                0x0000000040085380       0x17 /home/noah-pena/Projects/BLE-Music-Bike/build/esp32/libesp32.a(panic.o)
                                         0x23 (size before relaxing)
                0x0000000040085380                vApplicationStackOverflowHook
 *fill*         0x0000000040085397        0x1 
 .text.panicHandler
                0x0000000040085398       0xc3 /home/noah-pena/Projects/BLE-Music-Bike/build/esp32/libesp32.a(panic.o)
                                         0xf1 (size before relaxing)
                0x0000000040085398                panicHandler
 *fill*         0x000000004008545b        0x1 
 .text.xt_unhandled_exception
                0x000000004008545c       0x63 /home/noah-pena/Projects/BLE-Music-Bike/build/esp32/libesp32.a(panic.o)
                                         0x89 (size before relaxing)
                0x000000004008545c                xt_unhandled_exception
 *fill*         0x00000000400854bf        0x1 
 .text.esp_set_breakpoint_if_jtag
                0x00000000400854c0        0xf /home/noah-pena/Projects/BLE-Music-Bike/build/esp32/libesp32.a(panic.o)
                                         0x16 (size before relaxing)
                0x00000000400854c0                esp_set_breakpoint_if_jtag
 *fill*         0x00000000400854cf        0x1 
 .text._esp_error_check_failed
                0x00000000400854d0       0x4b /home/noah-pena/Projects/BLE-Music-Bike/build/esp32/libesp32.a(panic.o)
                                         0x4f (size before relaxing)
                0x00000000400854d0                _esp_error_check_failed
 *fill*         0x000000004008551b        0x0 
 *fill*         0x000000004008551b        0x0 
 *fill*         0x000000004008551b        0x0 
 *fill*         0x000000004008551b        0x0 
 *fill*         0x000000004008551b        0x1 
 .text.setFirstBreakpoint
                0x000000004008551c       0x13 /home/noah-pena/Projects/BLE-Music-Bike/build/esp32/libesp32.a(panic.o)
 *fill*         0x000000004008552f        0x0 
 *fill*         0x000000004008552f        0x0 
 *fill*         0x000000004008552f        0x0 
 *fill*         0x000000004008552f        0x0 
 *fill*         0x000000004008552f        0x0 
 *fill*         0x000000004008552f        0x0 
 *fill*         0x000000004008552f        0x0 
 *fill*         0x000000004008552f        0x0 
 *fill*         0x000000004008552f        0x0 
 *libesp32.a:core_dump.o(.literal .text .literal.* .text.*)
 *libphy.a:(.literal .text .literal.* .text.*)
 *librtc.a:(.literal .text .literal.* .text.*)
 *fill*         0x000000004008552f        0x1 
 .text          0x0000000040085530     0x279a /home/noah-pena/Libraries/esp/esp-idf/components/esp32/lib/librtc.a(rtc.o)
                                       0x2bc6 (size before relaxing)
                0x0000000040085538                debug_print
                0x000000004008557c                rtc_cmd_wakeup_conf
                0x000000004008562c                rtc_pads_muxsel
                0x000000004008588c                rtc_pads_funsel
                0x0000000040085ae8                rtc_pads_slpsel
                0x0000000040085d34                rtc_pads_slpoe
                0x0000000040085ec4                rtc_pads_slpie
                0x0000000040086110                rtc_pads_funie
                0x000000004008635c                rtc_pads_pu
                0x00000000400864e4                rtc_pads_pd
                0x0000000040086670                rtc_pads_hold
                0x00000000400868b8                rtc_lslp_mem_inf_pd_cfg
                0x0000000040086a8c                rtc_apbbridge_sel
                0x0000000040086ab8                rtc_powerup_rf
                0x0000000040086ad4                rtc_powerdown_rf
                0x0000000040086af0                rtc_get_st
                0x0000000040086b04                rtc_is_st_idle
                0x0000000040086b30                rtc_soc_clk_ck12m
                0x0000000040086bb0                rtc_init
                0x0000000040086efc                rtc_init_full
                0x00000000400872a8                rtc_init_lite
                0x00000000400872e4                rtc_slowck_cali
                0x00000000400873ec                rtc_usec2rtc
                0x00000000400874ec                rtc_rtc2usec
                0x0000000040087518                rtc_pad_gpio_wakeup
                0x00000000400875c0                rtc_pad_ext_wakeup
                0x0000000040087650                rtc_cmd_ext_wakeup
                0x00000000400876dc                rtc_wifi_force_pd
                0x0000000040087730                rtc_sdreg_off
                0x000000004008776c                rtc_deep_slp_conf
                0x00000000400877bc                rtc_digital_lp_mode
                0x0000000040087864                rtc_slp_prep
                0x0000000040087c54                rtc_slp_prep_lite
                0x0000000040087ca0                rtc_slp_prep_lite_12M
 *fill*         0x0000000040087cca        0x2 
 .text          0x0000000040087ccc      0x4c4 /home/noah-pena/Libraries/esp/esp-idf/components/esp32/lib/librtc.a(rtc_cntl.o)
                                        0x5a0 (size before relaxing)
                0x0000000040087ccc                rtc_dbias_cfg
                0x0000000040087d30                rtc_get_time_64
                0x0000000040087d84                rtc_set_wakeup_target_64
                0x0000000040087da4                rtc_set_wakeup_opt
                0x0000000040087dd4                rtc_wait4wakeup
                0x0000000040087e0c                rtc_wifi_force_pd_off
                0x0000000040087e64                rtc_digital_lp_mode_off_stg1
                0x0000000040087ee4                rtc_digital_lp_mode_off_stg2
                0x0000000040087efc                rtc_sleep
                0x0000000040087f48                rtc_sar_sleep_timer_init
                0x0000000040088014                rtc_sar_sleep_timer_start
                0x0000000040088064                rtc_sleep_fast_wakeup_init
                0x0000000040088070                rtc_sleep_fast_wakeup
 .text          0x0000000040088190      0x35c /home/noah-pena/Libraries/esp/esp-idf/components/esp32/lib/librtc.a(rtc_command.o)
                                        0x390 (size before relaxing)
                0x0000000040088190                rtc_cmd_wr_reg
                0x00000000400881bc                rtc_cmd_rd_reg
                0x00000000400881e0                rtc_cmd_wr_i2c
                0x000000004008820c                rtc_cmd_wait_delay
                0x0000000040088220                rtc_cmd_meas_tsens
                0x0000000040088238                rtc_cmd_meas_saradc
                0x0000000040088264                rtc_cmd_write_mem
                0x0000000040088288                rtc_cmd_reg0_alu
                0x00000000400882ac                rtc_cmd_stage_alu
                0x00000000400882c8                rtc_cmd_force_branch
                0x00000000400882dc                rtc_cmd_reg0_branch
                0x00000000400882f4                rtc_cmd_stage_branch
                0x0000000040088318                rtc_cmd_cpu_wakeup
                0x0000000040088328                rtc_cmd_sleep_cyc_sel
                0x0000000040088338                rtc_cmd_meas_end
                0x0000000040088348                read_rtc_mem
                0x0000000040088388                test_rtc_cmd
 *fill*         0x00000000400884ec        0x0 
 *fill*         0x00000000400884ec        0x0 
 *librtc_clk.a:(.literal .text .literal.* .text.*)
 .text          0x00000000400884ec      0x912 /home/noah-pena/Libraries/esp/esp-idf/components/esp32/lib/librtc_clk.a(rtc_clk.o)
                                        0xa42 (size before relaxing)
                0x00000000400884f8                rtc_xtal_32k_ena
                0x0000000040088594                rtc_8m_ena
                0x000000004008863c                rtc_plla_ena
                0x00000000400887e8                rtc_set_slow_freq
                0x0000000040088810                rtc_set_fast_freq
                0x0000000040088840                rtc_bbpll_md
                0x0000000040088984                rtc_init_xtal_freq
                0x00000000400889a4                rtc_get_xtal
                0x0000000040088a00                rtc_apb_freq_up
                0x0000000040088a1c                rtc_uart_div_modify
                0x0000000040088a4c                rtc_uart_tx_wait_idle
                0x0000000040088a8c                rtc_set_cpu_freq
                0x0000000040088cfc                rtc_init_clk
                0x0000000040088ddc                rtc_init_clk_lite
 *libpp.a:pp.o(.literal .text .literal.* .text.*)
 *libpp.a:lmac.o(.literal .text .literal.* .text.*)
 *libpp.a:wdev.o(.literal .text .literal.* .text.*)
 *libcore.a:ets_timer.o(.literal .text .literal.* .text.*)
 *libnet80211.a:ieee80211_misc.o(.literal .text .literal.* .text.*)
 *libhal.a:(.literal .text .literal.* .text.*)
 *fill*         0x0000000040088dfe        0x2 
 .text          0x0000000040088e00      0x137 /home/noah-pena/Libraries/esp/esp-idf/components/esp32/libhal.a(windowspill_asm.o)
                0x0000000040088e00                xthal_window_spill_nw
                0x0000000040088e00                xthal_spill_registers_into_stack_nw
                0x0000000040088f14                xthal_window_spill
 *fill*         0x0000000040088f37        0x1 
 .text          0x0000000040088f38        0x8 /home/noah-pena/Libraries/esp/esp-idf/components/esp32/libhal.a(int_asm--set_intclear.o)
                0x0000000040088f38                xthal_set_intclear
 .text          0x0000000040088f40       0x48 /home/noah-pena/Libraries/esp/esp-idf/components/esp32/libhal.a(clock.o)
                0x0000000040088f40                xthal_get_ccount
                0x0000000040088f48                xthal_set_ccompare
                0x0000000040088f68                xthal_get_ccompare
 *fill*         0x0000000040088f88        0x0 
 .text          0x0000000040088f88       0x3e /home/noah-pena/Libraries/esp/esp-idf/components/esp32/libhal.a(state_asm--restore_extra_nw.o)
                0x0000000040088f88                xthal_restore_extra_nw
 *fill*         0x0000000040088fc6        0x2 
 .text          0x0000000040088fc8       0x3e /home/noah-pena/Libraries/esp/esp-idf/components/esp32/libhal.a(state_asm--save_extra_nw.o)
                0x0000000040088fc8                xthal_save_extra_nw
 *libcoexist.a:(.literal .text .literal.* .text.*)
                0x0000000040089006                _iram_text_end = ABSOLUTE (.)

.dram0.data     0x000000003ffc0000     0x1b50
                0x000000003ffc0000                _data_start = ABSOLUTE (.)
 *(.data)
 .data          0x000000003ffc0000        0x0 /home/noah-pena/Projects/BLE-Music-Bike/build/cxx/libcxx.a(cxx_guards.o)
 .data          0x000000003ffc0000        0x0 /home/noah-pena/Projects/BLE-Music-Bike/build/esp32/libesp32.a(panic.o)
 .data          0x000000003ffc0000        0x0 /home/noah-pena/Projects/BLE-Music-Bike/build/esp32/libesp32.a(system_api.o)
 .data          0x000000003ffc0000        0x0 /home/noah-pena/Projects/BLE-Music-Bike/build/esp32/libesp32.a(cpu_util.o)
 .data          0x000000003ffc0000        0x0 /home/noah-pena/Projects/BLE-Music-Bike/build/esp32/libesp32.a(heap_alloc_caps.o)
 .data          0x000000003ffc0000        0x0 /home/noah-pena/Projects/BLE-Music-Bike/build/esp32/libesp32.a(cpu_start.o)
 .data          0x000000003ffc0000        0x0 /home/noah-pena/Projects/BLE-Music-Bike/build/esp32/libesp32.a(ipc.o)
 .data          0x000000003ffc0000        0x0 /home/noah-pena/Projects/BLE-Music-Bike/build/esp32/libesp32.a(cpu_freq.o)
 .data          0x000000003ffc0000        0x0 /home/noah-pena/Projects/BLE-Music-Bike/build/esp32/libesp32.a(int_wdt.o)
 .data          0x000000003ffc0000        0x0 /home/noah-pena/Projects/BLE-Music-Bike/build/esp32/libesp32.a(task_wdt.o)
 .data          0x000000003ffc0000        0x0 /home/noah-pena/Projects/BLE-Music-Bike/build/esp32/libesp32.a(freertos_hooks.o)
 .data          0x000000003ffc0000        0x0 /home/noah-pena/Projects/BLE-Music-Bike/build/esp32/libesp32.a(crosscore_int.o)
 .data          0x000000003ffc0000        0x0 /home/noah-pena/Projects/BLE-Music-Bike/build/esp32/libesp32.a(intr_alloc.o)
 .data          0x000000003ffc0000        0x0 /home/noah-pena/Libraries/esp/esp-idf/components/esp32/libhal.a(int_asm--set_intclear.o)
 .data          0x000000003ffc0000        0x0 /home/noah-pena/Libraries/esp/esp-idf/components/esp32/lib/librtc.a(rtc.o)
 .data          0x000000003ffc0000        0x0 /home/noah-pena/Libraries/esp/esp-idf/components/esp32/lib/librtc.a(rtc_cntl.o)
 .data          0x000000003ffc0000        0x0 /home/noah-pena/Libraries/esp/esp-idf/components/esp32/lib/librtc.a(rtc_command.o)
 .data          0x000000003ffc0000        0x0 /home/noah-pena/Libraries/esp/esp-idf/components/esp32/lib/librtc_clk.a(rtc_clk.o)
 .data          0x000000003ffc0000        0x0 /home/noah-pena/Projects/BLE-Music-Bike/build/freertos/libfreertos.a(xtensa_intr.o)
 .data          0x000000003ffc0000        0x0 /home/noah-pena/Projects/BLE-Music-Bike/build/freertos/libfreertos.a(queue.o)
 .data          0x000000003ffc0000        0x0 /home/noah-pena/Projects/BLE-Music-Bike/build/freertos/libfreertos.a(list.o)
 .data          0x000000003ffc0000        0x0 /home/noah-pena/Projects/BLE-Music-Bike/build/freertos/libfreertos.a(port.o)
 .data          0x000000003ffc0000        0x0 /home/noah-pena/Projects/BLE-Music-Bike/build/freertos/libfreertos.a(heap_regions.o)
 .data          0x000000003ffc0000        0x0 /home/noah-pena/Projects/BLE-Music-Bike/build/freertos/libfreertos.a(tasks.o)
 .data          0x000000003ffc0000        0x0 /home/noah-pena/Projects/BLE-Music-Bike/build/freertos/libfreertos.a(timers.o)
 .data          0x000000003ffc0000        0x0 /home/noah-pena/Projects/BLE-Music-Bike/build/freertos/libfreertos.a(FreeRTOS-openocd.o)
 .data          0x000000003ffc0000        0x0 /home/noah-pena/Projects/BLE-Music-Bike/build/freertos/libfreertos.a(xtensa_context.o)
 .data          0x000000003ffc0000      0xc0c /home/noah-pena/Projects/BLE-Music-Bike/build/freertos/libfreertos.a(portasm.o)
                0x000000003ffc0000                port_IntStack
                0x000000003ffc0c00                port_IntStackTop
 *fill*         0x000000003ffc0c0c        0x4 
 .data          0x000000003ffc0c10        0x8 /home/noah-pena/Projects/BLE-Music-Bike/build/freertos/libfreertos.a(xtensa_vectors.o)
                0x000000003ffc0c10                _xt_coproc_owner_sa
 .data          0x000000003ffc0c18      0x400 /home/noah-pena/Projects/BLE-Music-Bike/build/freertos/libfreertos.a(xtensa_intr_asm.o)
                0x000000003ffc0c18                _xt_interrupt_table
                0x000000003ffc0e18                _xt_exception_table
 .data          0x000000003ffc1018        0x0 /home/noah-pena/Projects/BLE-Music-Bike/build/freertos/libfreertos.a(xtensa_init.o)
 .data          0x000000003ffc1018        0x0 /home/noah-pena/Projects/BLE-Music-Bike/build/log/liblog.a(log.o)
 .data          0x000000003ffc1018        0x0 /home/noah-pena/Libraries/esp/esp-idf/components/newlib/lib/libc.a(lib_a-assert.o)
 .data          0x000000003ffc1018        0x0 /home/noah-pena/Libraries/esp/esp-idf/components/newlib/lib/libc.a(lib_a-fiprintf.o)
 .data          0x000000003ffc1018        0x0 /home/noah-pena/Libraries/esp/esp-idf/components/newlib/lib/libc.a(lib_a-fopen.o)
 .data          0x000000003ffc1018        0x0 /home/noah-pena/Libraries/esp/esp-idf/components/newlib/lib/libc.a(lib_a-fseek.o)
 .data          0x000000003ffc1018        0x0 /home/noah-pena/Libraries/esp/esp-idf/components/newlib/lib/libc.a(lib_a-fseeko.o)
 .data          0x000000003ffc1018        0x0 /home/noah-pena/Libraries/esp/esp-idf/components/newlib/lib/libc.a(lib_a-reent.o)
 .data          0x000000003ffc1018        0x0 /home/noah-pena/Libraries/esp/esp-idf/components/newlib/lib/libc.a(lib_a-vfiprintf.o)
 .data          0x000000003ffc1018        0x0 /home/noah-pena/Libraries/esp/esp-idf/components/newlib/lib/libc.a(lib_a-vprintf.o)
 .data          0x000000003ffc1018        0x0 /home/noah-pena/Libraries/esp/esp-idf/components/newlib/lib/libc.a(lib_a-flags.o)
 .data          0x000000003ffc1018        0x0 /home/noah-pena/Libraries/esp/esp-idf/components/newlib/lib/libc.a(lib_a-svfiprintf.o)
 .data          0x000000003ffc1018        0x0 /home/noah-pena/Libraries/esp/esp-idf/components/newlib/lib/libc.a(lib_a-vfprintf.o)
 .data          0x000000003ffc1018        0x0 /home/noah-pena/Libraries/esp/esp-idf/components/newlib/lib/libc.a(lib_a-dtoa.o)
 .data          0x000000003ffc1018        0x0 /home/noah-pena/Libraries/esp/esp-idf/components/newlib/lib/libc.a(lib_a-mprec.o)
 .data          0x000000003ffc1018        0x0 /home/noah-pena/Libraries/esp/esp-idf/components/newlib/lib/libc.a(lib_a-s_frexp.o)
 .data          0x000000003ffc1018        0x0 /home/noah-pena/Libraries/esp/esp-idf/components/newlib/lib/libm.a(lib_a-s_fpclassify.o)
 .data          0x000000003ffc1018        0x0 /home/noah-pena/Projects/BLE-Music-Bike/build/newlib/libnewlib.a(time.o)
 .data          0x000000003ffc1018        0x0 /home/noah-pena/Projects/BLE-Music-Bike/build/newlib/libnewlib.a(reent_init.o)
 .data          0x000000003ffc1018        0x0 /home/noah-pena/Projects/BLE-Music-Bike/build/newlib/libnewlib.a(syscalls.o)
 .data          0x000000003ffc1018        0x0 /home/noah-pena/Projects/BLE-Music-Bike/build/newlib/libnewlib.a(syscall_table.o)
 .data          0x000000003ffc1018        0x0 /home/noah-pena/Projects/BLE-Music-Bike/build/newlib/libnewlib.a(locks.o)
 .data          0x000000003ffc1018        0x0 /home/noah-pena/Projects/BLE-Music-Bike/build/spi_flash/libspi_flash.a(cache_utils.o)
 .data          0x000000003ffc1018        0x0 /home/noah-pena/Projects/BLE-Music-Bike/build/spi_flash/libspi_flash.a(flash_ops.o)
 .data          0x000000003ffc1018        0x0 /home/noah-pena/Projects/BLE-Music-Bike/build/spi_flash/libspi_flash.a(flash_mmap.o)
 .data          0x000000003ffc1018        0x0 /home/noah-pena/Projects/BLE-Music-Bike/build/spi_flash/libspi_flash.a(spi_flash_rom_patch.o)
 .data          0x000000003ffc1018        0x0 /home/noah-pena/Projects/BLE-Music-Bike/build/vfs/libvfs.a(vfs_uart.o)
 .data          0x000000003ffc1018        0x0 /home/noah-pena/Projects/BLE-Music-Bike/build/vfs/libvfs.a(vfs.o)
 .data          0x000000003ffc1018        0x0 /home/noah-pena/Libraries/esp/xtensa-esp32-elf/bin/../lib/gcc/xtensa-esp32-elf/5.2.0/libgcc.a(_addsubdf3.o)
 .data          0x000000003ffc1018        0x0 /home/noah-pena/Libraries/esp/xtensa-esp32-elf/bin/../lib/gcc/xtensa-esp32-elf/5.2.0/libgcc.a(_muldf3.o)
 .data          0x000000003ffc1018        0x0 /home/noah-pena/Libraries/esp/xtensa-esp32-elf/bin/../lib/gcc/xtensa-esp32-elf/5.2.0/libgcc.a(_divdf3.o)
 .data          0x000000003ffc1018        0x0 /home/noah-pena/Libraries/esp/xtensa-esp32-elf/bin/../lib/gcc/xtensa-esp32-elf/5.2.0/libgcc.a(_cmpdf2.o)
 .data          0x000000003ffc1018        0x0 /home/noah-pena/Libraries/esp/xtensa-esp32-elf/bin/../lib/gcc/xtensa-esp32-elf/5.2.0/libgcc.a(_fixdfsi.o)
 .data          0x000000003ffc1018        0x0 /home/noah-pena/Libraries/esp/xtensa-esp32-elf/bin/../lib/gcc/xtensa-esp32-elf/5.2.0/libgcc.a(_floatsidf.o)
 .data          0x000000003ffc1018        0x0 /home/noah-pena/Libraries/esp/xtensa-esp32-elf/bin/../lib/gcc/xtensa-esp32-elf/5.2.0/libgcc.a(_udivdi3.o)
 .data          0x000000003ffc1018        0x0 /home/noah-pena/Libraries/esp/xtensa-esp32-elf/bin/../lib/gcc/xtensa-esp32-elf/5.2.0/libgcc.a(_umoddi3.o)
 .data          0x000000003ffc1018        0x0 /home/noah-pena/Projects/BLE-Music-Bike/build/driver/libdriver.a(timer.o)
 .data          0x000000003ffc1018        0x0 /home/noah-pena/Projects/BLE-Music-Bike/build/driver/libdriver.a(rtc_module.o)
 .data          0x000000003ffc1018        0x0 /home/noah-pena/Projects/BLE-Music-Bike/build/driver/libdriver.a(periph_ctrl.o)
 .data          0x000000003ffc1018        0x0 /home/noah-pena/Projects/BLE-Music-Bike/build/driver/libdriver.a(gpio.o)